Archive member included to satisfy reference by file (symbol)

/Applications/ArmGNUToolchain/12.2.rel1/arm-none-eabi/bin/../lib/gcc/arm-none-eabi/12.2.1/thumb/v6-m/nofp/libgcc.a(_dvmd_tls.o)
                              CMakeFiles/assign02.dir/Users/conor/Desktop/pico/pico-sdk/src/rp2_common/pico_divider/divider.S.obj (__aeabi_idiv0)
/Applications/ArmGNUToolchain/12.2.rel1/arm-none-eabi/bin/../lib/gcc/arm-none-eabi/12.2.1/../../../../arm-none-eabi/lib/thumb/v6-m/nofp/libc.a(libc_a-calloc.o)
                              CMakeFiles/assign02.dir/Users/conor/Desktop/pico/pico-sdk/src/rp2_common/pico_malloc/pico_malloc.c.obj (calloc)
/Applications/ArmGNUToolchain/12.2.rel1/arm-none-eabi/bin/../lib/gcc/arm-none-eabi/12.2.1/../../../../arm-none-eabi/lib/thumb/v6-m/nofp/libc.a(libc_a-callocr.o)
                              /Applications/ArmGNUToolchain/12.2.rel1/arm-none-eabi/bin/../lib/gcc/arm-none-eabi/12.2.1/../../../../arm-none-eabi/lib/thumb/v6-m/nofp/libc.a(libc_a-calloc.o) (_calloc_r)
/Applications/ArmGNUToolchain/12.2.rel1/arm-none-eabi/bin/../lib/gcc/arm-none-eabi/12.2.1/../../../../arm-none-eabi/lib/thumb/v6-m/nofp/libc.a(libc_a-malloc.o)
                              CMakeFiles/assign02.dir/Users/conor/Desktop/pico/pico-sdk/src/rp2_common/pico_malloc/pico_malloc.c.obj (malloc)
/Applications/ArmGNUToolchain/12.2.rel1/arm-none-eabi/bin/../lib/gcc/arm-none-eabi/12.2.1/../../../../arm-none-eabi/lib/thumb/v6-m/nofp/libc.a(libc_a-mallocr.o)
                              /Applications/ArmGNUToolchain/12.2.rel1/arm-none-eabi/bin/../lib/gcc/arm-none-eabi/12.2.1/../../../../arm-none-eabi/lib/thumb/v6-m/nofp/libc.a(libc_a-callocr.o) (_malloc_r)
/Applications/ArmGNUToolchain/12.2.rel1/arm-none-eabi/bin/../lib/gcc/arm-none-eabi/12.2.1/../../../../arm-none-eabi/lib/thumb/v6-m/nofp/libc.a(libc_a-mlock.o)
                              /Applications/ArmGNUToolchain/12.2.rel1/arm-none-eabi/bin/../lib/gcc/arm-none-eabi/12.2.1/../../../../arm-none-eabi/lib/thumb/v6-m/nofp/libc.a(libc_a-mallocr.o) (__malloc_lock)
/Applications/ArmGNUToolchain/12.2.rel1/arm-none-eabi/bin/../lib/gcc/arm-none-eabi/12.2.1/../../../../arm-none-eabi/lib/thumb/v6-m/nofp/libc.a(libc_a-rand.o)
                              CMakeFiles/assign02.dir/assign02.c.obj (srand)
/Applications/ArmGNUToolchain/12.2.rel1/arm-none-eabi/bin/../lib/gcc/arm-none-eabi/12.2.1/../../../../arm-none-eabi/lib/thumb/v6-m/nofp/libc.a(libc_a-realloc.o)
                              CMakeFiles/assign02.dir/Users/conor/Desktop/pico/pico-sdk/src/rp2_common/pico_malloc/pico_malloc.c.obj (realloc)
/Applications/ArmGNUToolchain/12.2.rel1/arm-none-eabi/bin/../lib/gcc/arm-none-eabi/12.2.1/../../../../arm-none-eabi/lib/thumb/v6-m/nofp/libc.a(libc_a-reallocr.o)
                              /Applications/ArmGNUToolchain/12.2.rel1/arm-none-eabi/bin/../lib/gcc/arm-none-eabi/12.2.1/../../../../arm-none-eabi/lib/thumb/v6-m/nofp/libc.a(libc_a-realloc.o) (_realloc_r)
/Applications/ArmGNUToolchain/12.2.rel1/arm-none-eabi/bin/../lib/gcc/arm-none-eabi/12.2.1/../../../../arm-none-eabi/lib/thumb/v6-m/nofp/libc.a(libc_a-memmove.o)
                              /Applications/ArmGNUToolchain/12.2.rel1/arm-none-eabi/bin/../lib/gcc/arm-none-eabi/12.2.1/../../../../arm-none-eabi/lib/thumb/v6-m/nofp/libc.a(libc_a-reallocr.o) (memmove)
/Applications/ArmGNUToolchain/12.2.rel1/arm-none-eabi/bin/../lib/gcc/arm-none-eabi/12.2.1/../../../../arm-none-eabi/lib/thumb/v6-m/nofp/libc.a(libc_a-impure.o)
                              /Applications/ArmGNUToolchain/12.2.rel1/arm-none-eabi/bin/../lib/gcc/arm-none-eabi/12.2.1/../../../../arm-none-eabi/lib/thumb/v6-m/nofp/libc.a(libc_a-calloc.o) (_impure_ptr)
/Applications/ArmGNUToolchain/12.2.rel1/arm-none-eabi/bin/../lib/gcc/arm-none-eabi/12.2.1/../../../../arm-none-eabi/lib/thumb/v6-m/nofp/libc.a(libc_a-sbrkr.o)
                              /Applications/ArmGNUToolchain/12.2.rel1/arm-none-eabi/bin/../lib/gcc/arm-none-eabi/12.2.1/../../../../arm-none-eabi/lib/thumb/v6-m/nofp/libc.a(libc_a-mallocr.o) (_sbrk_r)
/Applications/ArmGNUToolchain/12.2.rel1/arm-none-eabi/bin/../lib/gcc/arm-none-eabi/12.2.1/../../../../arm-none-eabi/lib/thumb/v6-m/nofp/libc.a(libc_a-errno.o)
                              /Applications/ArmGNUToolchain/12.2.rel1/arm-none-eabi/bin/../lib/gcc/arm-none-eabi/12.2.1/../../../../arm-none-eabi/lib/thumb/v6-m/nofp/libc.a(libc_a-callocr.o) (__errno)
/Applications/ArmGNUToolchain/12.2.rel1/arm-none-eabi/bin/../lib/gcc/arm-none-eabi/12.2.1/../../../../arm-none-eabi/lib/thumb/v6-m/nofp/libc.a(libc_a-sysconf.o)
                              /Applications/ArmGNUToolchain/12.2.rel1/arm-none-eabi/bin/../lib/gcc/arm-none-eabi/12.2.1/../../../../arm-none-eabi/lib/thumb/v6-m/nofp/libc.a(libc_a-mallocr.o) (sysconf)
/Applications/ArmGNUToolchain/12.2.rel1/arm-none-eabi/bin/../lib/gcc/arm-none-eabi/12.2.1/../../../../arm-none-eabi/lib/thumb/v6-m/nofp/libc.a(libc_a-strcmp.o)
                              CMakeFiles/assign02.dir/assign02.c.obj (strcmp)
[...]
Memory Configuration

Name             Origin             Length             Attributes
FLASH            0x0000000010000000 0x0000000000200000 xr
RAM              0x0000000020000000 0x0000000000040000 xrw
SCRATCH_X        0x0000000020040000 0x0000000000001000 xrw
SCRATCH_Y        0x0000000020041000 0x0000000000001000 xrw
*default*        0x0000000000000000 0xffffffffffffffff

Linker script and memory map

LOAD /Applications/ArmGNUToolchain/12.2.rel1/arm-none-eabi/bin/../lib/gcc/arm-none-eabi/12.2.1/thumb/v6-m/nofp/crti.o
LOAD /Applications/ArmGNUToolchain/12.2.rel1/arm-none-eabi/bin/../lib/gcc/arm-none-eabi/12.2.1/thumb/v6-m/nofp/crtbegin.o
LOAD /Applications/ArmGNUToolchain/12.2.rel1/arm-none-eabi/bin/../lib/gcc/arm-none-eabi/12.2.1/../../../../arm-none-eabi/lib/thumb/v6-m/nofp/crt0.o

.flash_begin    0x0000000010000000        0x0
                0x0000000010000000                __flash_binary_start = .

.boot2          0x0000000010000000      0x100
                0x0000000010000000                __boot2_start__ = .
 *(.boot2)
 .boot2         0x0000000010000000      0x100 /var/folders/tb/ccwl9r592hn9v_xpq9s1bzlr0000gn/T//ccWq89ny.o
                0x0000000010000100                __boot2_end__ = .
                0x0000000000000001                ASSERT (((__boot2_end__ - __boot2_start__) == 0x100), ERROR: Pico second stage bootloader must be 256 bytes in size)

.text           0x0000000010000100     0x57c0
                0x0000000010000100                __logical_binary_start = .
 *(.vectors)
 .vectors       0x0000000010000100       0xd4 CMakeFiles/assign02.dir/Users/conor/Desktop/pico/pico-sdk/src/rp2_common/pico_standard_link/crt0.S.obj
                0x0000000010000100                __VECTOR_TABLE
                0x0000000010000100                __vectors
                0x00000000100001c0                __default_isrs_start
                0x00000000100001c0                isr_invalid
                0x00000000100001c2                isr_nmi
                0x00000000100001c4                isr_hardfault
                0x00000000100001c6                isr_svcall
                0x00000000100001c8                isr_pendsv
                0x00000000100001ca                isr_systick
                0x00000000100001cc                isr_irq28
                0x00000000100001cc                isr_irq19
                0x00000000100001cc                isr_irq0
                0x00000000100001cc                isr_irq6
                0x00000000100001cc                isr_irq22
                0x00000000100001cc                isr_irq17
                0x00000000100001cc                isr_irq14
                0x00000000100001cc                isr_irq2
                0x00000000100001cc                isr_irq10
                0x00000000100001cc                isr_irq8
                0x00000000100001cc                isr_irq24
                0x00000000100001cc                isr_irq1
                0x00000000100001cc                isr_irq7
                0x00000000100001cc                isr_irq21
                0x00000000100001cc                isr_irq20
                0x00000000100001cc                isr_irq15
                0x00000000100001cc                isr_irq25
                0x00000000100001cc                isr_irq4
                0x00000000100001cc                isr_irq16
                0x00000000100001cc                isr_irq29
                0x00000000100001cc                isr_irq26
                0x00000000100001cc                __default_isrs_end
                0x00000000100001cc                isr_irq3
                0x00000000100001cc                isr_irq9
                0x00000000100001cc                __unhandled_user_irq
                0x00000000100001cc                isr_irq13
                0x00000000100001cc                isr_irq27
                0x00000000100001cc                isr_irq31
                0x00000000100001cc                isr_irq5
                0x00000000100001cc                isr_irq11
                0x00000000100001cc                isr_irq23
                0x00000000100001cc                isr_irq18
                0x00000000100001cc                isr_irq30
                0x00000000100001cc                isr_irq12
                0x00000000100001d2                unhandled_user_irq_num_in_r0
 *(.binary_info_header)
 .binary_info_header
                0x00000000100001d4       0x14 CMakeFiles/assign02.dir/Users/conor/Desktop/pico/pico-sdk/src/rp2_common/pico_standard_link/crt0.S.obj
                0x00000000100001e8                __binary_info_header_end = .
 *(.reset)
 .reset         0x00000000100001e8       0xa8 CMakeFiles/assign02.dir/Users/conor/Desktop/pico/pico-sdk/src/rp2_common/pico_standard_link/crt0.S.obj
                0x00000000100001e8                _entry_point
                0x0000000010000266                __get_current_exception
 .reset         0x0000000010000290       0x30 CMakeFiles/assign02.dir/Users/conor/Desktop/pico/pico-sdk/src/rp2_common/pico_standard_link/binary_info.c.obj
 *(.init)
 .init          0x00000000100002c0        0x4 /Applications/ArmGNUToolchain/12.2.rel1/arm-none-eabi/bin/../lib/gcc/arm-none-eabi/12.2.1/thumb/v6-m/nofp/crti.o
                0x00000000100002c0                _init
 *(EXCLUDE_FILE(*libm.a: *libc.a:*lib_a-mem*.o *libgcc.a:) .text*)
 .text.register_tm_clones
                0x00000000100002c4       0x28 /Applications/ArmGNUToolchain/12.2.rel1/arm-none-eabi/bin/../lib/gcc/arm-none-eabi/12.2.1/thumb/v6-m/nofp/crtbegin.o
 .text.frame_dummy
                0x00000000100002ec       0x24 /Applications/ArmGNUToolchain/12.2.rel1/arm-none-eabi/bin/../lib/gcc/arm-none-eabi/12.2.1/thumb/v6-m/nofp/crtbegin.o
 .text.asm_gpio_init
                0x0000000010000310        0x8 CMakeFiles/assign02.dir/assign02.c.obj
                0x0000000010000310                asm_gpio_init
 .text.asm_gpio_set_dir
                0x0000000010000318       0x14 CMakeFiles/assign02.dir/assign02.c.obj
                0x0000000010000318                asm_gpio_set_dir
 .text.asm_gpio_set_irq
                0x000000001000032c        0xc CMakeFiles/assign02.dir/assign02.c.obj
                0x000000001000032c                asm_gpio_set_irq
 .text.asm_gpio_set_irq1
                0x0000000010000338        0xc CMakeFiles/assign02.dir/assign02.c.obj
                0x0000000010000338                asm_gpio_set_irq1
 .text.set_start_high
                0x0000000010000344        0xc CMakeFiles/assign02.dir/assign02.c.obj
                0x0000000010000344                set_start_high
 .text.set_start_low
                0x0000000010000350        0xc CMakeFiles/assign02.dir/assign02.c.obj
                0x0000000010000350                set_start_low
 .text.check_for_interrupt
                0x000000001000035c        0xc CMakeFiles/assign02.dir/assign02.c.obj
                0x000000001000035c                check_for_interrupt
 .text.store_interval_low
                0x0000000010000368        0xc CMakeFiles/assign02.dir/assign02.c.obj
                0x0000000010000368                store_interval_low
 .text.store_interval_high
                0x0000000010000374        0xc CMakeFiles/assign02.dir/assign02.c.obj
                0x0000000010000374                store_interval_high
 .text.convert_to_morse
                0x0000000010000380       0xac CMakeFiles/assign02.dir/assign02.c.obj
                0x0000000010000380                convert_to_morse
 .text.handle_onesec_c
                0x000000001000042c       0x18 CMakeFiles/assign02.dir/assign02.c.obj
                0x000000001000042c                handle_onesec_c
 .text.handle_twosec_c
                0x0000000010000444        0xc CMakeFiles/assign02.dir/assign02.c.obj
                0x0000000010000444                handle_twosec_c
 .text.choose_level
                0x0000000010000450       0xe8 CMakeFiles/assign02.dir/assign02.c.obj
                0x0000000010000450                choose_level
 .text.welcomeMessage
                0x0000000010000538      0x1dc CMakeFiles/assign02.dir/assign02.c.obj
                0x0000000010000538                welcomeMessage
 .text.convertMorse
                0x0000000010000714       0xf0 CMakeFiles/assign02.dir/assign02.c.obj
                0x0000000010000714                convertMorse
 .text.level_one_and_two
                0x0000000010000804      0x3b0 CMakeFiles/assign02.dir/assign02.c.obj
                0x0000000010000804                level_one_and_two
 .text.startup.main
                0x0000000010000bb4      0x120 CMakeFiles/assign02.dir/assign02.c.obj
                0x0000000010000bb4                main
 *fill*         0x0000000010000cd4        0xc 
 .text          0x0000000010000ce0      0x16c CMakeFiles/assign02.dir/assign02.S.obj
                0x0000000010000ce0                main_asm
                0x0000000010000dc0                init_alarm
                0x0000000010000dee                reset_input_buffer
 .text.gpio_set_function
                0x0000000010000e4c       0x30 CMakeFiles/assign02.dir/Users/conor/Desktop/pico/pico-sdk/src/rp2_common/hardware_gpio/gpio.c.obj
                0x0000000010000e4c                gpio_set_function
 .text.gpio_set_irq_enabled
                0x0000000010000e7c       0x54 CMakeFiles/assign02.dir/Users/conor/Desktop/pico/pico-sdk/src/rp2_common/hardware_gpio/gpio.c.obj
                0x0000000010000e7c                gpio_set_irq_enabled
 .text.gpio_init
                0x0000000010000ed0       0x3c CMakeFiles/assign02.dir/Users/conor/Desktop/pico/pico-sdk/src/rp2_common/hardware_gpio/gpio.c.obj
                0x0000000010000ed0                gpio_init
 .text.hw_claim_lock
                0x0000000010000f0c       0x18 CMakeFiles/assign02.dir/Users/conor/Desktop/pico/pico-sdk/src/rp2_common/hardware_claim/claim.c.obj
                0x0000000010000f0c                hw_claim_lock
 .text.hw_claim_unlock
                0x0000000010000f24       0x14 CMakeFiles/assign02.dir/Users/conor/Desktop/pico/pico-sdk/src/rp2_common/hardware_claim/claim.c.obj
                0x0000000010000f24                hw_claim_unlock
 .text.hw_claim_or_assert
                0x0000000010000f38       0x44 CMakeFiles/assign02.dir/Users/conor/Desktop/pico/pico-sdk/src/rp2_common/hardware_claim/claim.c.obj
                0x0000000010000f38                hw_claim_or_assert
 .text.running_on_fpga
                0x0000000010000f7c       0x10 CMakeFiles/assign02.dir/Users/conor/Desktop/pico/pico-sdk/src/rp2_common/pico_platform/platform.c.obj
                0x0000000010000f7c                running_on_fpga
 .text.spin_locks_reset
                0x0000000010000f8c       0x1c CMakeFiles/assign02.dir/Users/conor/Desktop/pico/pico-sdk/src/rp2_common/hardware_sync/sync.c.obj
                0x0000000010000f8c                spin_locks_reset
 .text.next_striped_spin_lock_num
                0x0000000010000fa8       0x18 CMakeFiles/assign02.dir/Users/conor/Desktop/pico/pico-sdk/src/rp2_common/hardware_sync/sync.c.obj
                0x0000000010000fa8                next_striped_spin_lock_num
 .text.irq_set_enabled
                0x0000000010000fc0       0x24 CMakeFiles/assign02.dir/Users/conor/Desktop/pico/pico-sdk/src/rp2_common/hardware_irq/irq.c.obj
                0x0000000010000fc0                irq_set_enabled
 .text.irq_get_vtable_handler
                0x0000000010000fe4       0x10 CMakeFiles/assign02.dir/Users/conor/Desktop/pico/pico-sdk/src/rp2_common/hardware_irq/irq.c.obj
                0x0000000010000fe4                irq_get_vtable_handler
 .text.irq_set_exclusive_handler
                0x0000000010000ff4       0x54 CMakeFiles/assign02.dir/Users/conor/Desktop/pico/pico-sdk/src/rp2_common/hardware_irq/irq.c.obj
                0x0000000010000ff4                irq_set_exclusive_handler
 .text.irq_remove_handler
                0x0000000010001048      0x1cc CMakeFiles/assign02.dir/Users/conor/Desktop/pico/pico-sdk/src/rp2_common/hardware_irq/irq.c.obj
                0x0000000010001048                irq_remove_handler
 .text.irq_add_tail_to_free_list
                0x0000000010001214       0xb4 CMakeFiles/assign02.dir/Users/conor/Desktop/pico/pico-sdk/src/rp2_common/hardware_irq/irq.c.obj
                0x0000000010001214                irq_add_tail_to_free_list
 .text.irq_init_priorities
                0x00000000100012c8       0x24 CMakeFiles/assign02.dir/Users/conor/Desktop/pico/pico-sdk/src/rp2_common/hardware_irq/irq.c.obj
                0x00000000100012c8                irq_init_priorities
 .text.lock_init
                0x00000000100012ec       0x10 CMakeFiles/assign02.dir/Users/conor/Desktop/pico/pico-sdk/src/common/pico_sync/lock_core.c.obj
                0x00000000100012ec                lock_init
 .text.timer_pool_entry_comparator
                0x00000000100012fc       0x34 CMakeFiles/assign02.dir/Users/conor/Desktop/pico/pico-sdk/src/common/pico_time/time.c.obj
                0x00000000100012fc                timer_pool_entry_comparator
 .text.add_alarm_under_lock.isra.0
                0x0000000010001330      0x100 CMakeFiles/assign02.dir/Users/conor/Desktop/pico/pico-sdk/src/common/pico_time/time.c.obj
 .text.alarm_pool_alarm_callback
                0x0000000010001430      0x1c4 CMakeFiles/assign02.dir/Users/conor/Desktop/pico/pico-sdk/src/common/pico_time/time.c.obj
 .text.alarm_pool_init_default
                0x00000000100015f4       0x64 CMakeFiles/assign02.dir/Users/conor/Desktop/pico/pico-sdk/src/common/pico_time/time.c.obj
                0x00000000100015f4                alarm_pool_init_default
 .text.hardware_alarm_irq_handler
                0x0000000010001658       0xb8 CMakeFiles/assign02.dir/Users/conor/Desktop/pico/pico-sdk/src/rp2_common/hardware_timer/timer.c.obj
 .text.hardware_alarm_claim
                0x0000000010001710       0x18 CMakeFiles/assign02.dir/Users/conor/Desktop/pico/pico-sdk/src/rp2_common/hardware_timer/timer.c.obj
                0x0000000010001710                hardware_alarm_claim
 .text.time_us_64
                0x0000000010001728       0x14 CMakeFiles/assign02.dir/Users/conor/Desktop/pico/pico-sdk/src/rp2_common/hardware_timer/timer.c.obj
                0x0000000010001728                time_us_64
 .text.hardware_alarm_set_callback
                0x000000001000173c       0x8c CMakeFiles/assign02.dir/Users/conor/Desktop/pico/pico-sdk/src/rp2_common/hardware_timer/timer.c.obj
                0x000000001000173c                hardware_alarm_set_callback
 .text.hardware_alarm_set_target
                0x00000000100017c8       0xdc CMakeFiles/assign02.dir/Users/conor/Desktop/pico/pico-sdk/src/rp2_common/hardware_timer/timer.c.obj
                0x00000000100017c8                hardware_alarm_set_target
 .text.hardware_alarm_cancel
                0x00000000100018a4       0x3c CMakeFiles/assign02.dir/Users/conor/Desktop/pico/pico-sdk/src/rp2_common/hardware_timer/timer.c.obj
                0x00000000100018a4                hardware_alarm_cancel
 .text.ph_merge_nodes
                0x00000000100018e0       0x64 CMakeFiles/assign02.dir/Users/conor/Desktop/pico/pico-sdk/src/common/pico_util/pheap.c.obj
 .text.ph_post_alloc_init
                0x0000000010001944       0x3c CMakeFiles/assign02.dir/Users/conor/Desktop/pico/pico-sdk/src/common/pico_util/pheap.c.obj
                0x0000000010001944                ph_post_alloc_init
 .text.ph_merge_two_pass
                0x0000000010001980       0x98 CMakeFiles/assign02.dir/Users/conor/Desktop/pico/pico-sdk/src/common/pico_util/pheap.c.obj
                0x0000000010001980                ph_merge_two_pass
 .text.ph_remove_any_head
                0x0000000010001a18      0x12c CMakeFiles/assign02.dir/Users/conor/Desktop/pico/pico-sdk/src/common/pico_util/pheap.c.obj
 .text.ph_remove_head
                0x0000000010001b44      0x130 CMakeFiles/assign02.dir/Users/conor/Desktop/pico/pico-sdk/src/common/pico_util/pheap.c.obj
                0x0000000010001b44                ph_remove_head
 .text.ph_remove_and_free_node
                0x0000000010001c74       0x78 CMakeFiles/assign02.dir/Users/conor/Desktop/pico/pico-sdk/src/common/pico_util/pheap.c.obj
                0x0000000010001c74                ph_remove_and_free_node
 .text.mutex_init
                0x0000000010001cec       0x1c CMakeFiles/assign02.dir/Users/conor/Desktop/pico/pico-sdk/src/common/pico_sync/mutex.c.obj
                0x0000000010001cec                mutex_init
 .text.recursive_mutex_init
                0x0000000010001d08       0x1c CMakeFiles/assign02.dir/Users/conor/Desktop/pico/pico-sdk/src/common/pico_sync/mutex.c.obj
                0x0000000010001d08                recursive_mutex_init
 .text.uart_init
                0x0000000010001d24       0xe0 CMakeFiles/assign02.dir/Users/conor/Desktop/pico/pico-sdk/src/rp2_common/hardware_uart/uart.c.obj
                0x0000000010001d24                uart_init
 .text.runtime_init
                0x0000000010001e04       0xf0 CMakeFiles/assign02.dir/Users/conor/Desktop/pico/pico-sdk/src/rp2_common/pico_runtime/runtime.c.obj
                0x0000000010001e04                runtime_init
 .text._sbrk    0x0000000010001ef4       0x34 CMakeFiles/assign02.dir/Users/conor/Desktop/pico/pico-sdk/src/rp2_common/pico_runtime/runtime.c.obj
                0x0000000010001ef4                _sbrk
 .text.exit     0x0000000010001f28        0x4 CMakeFiles/assign02.dir/Users/conor/Desktop/pico/pico-sdk/src/rp2_common/pico_runtime/runtime.c.obj
                0x0000000010001f28                exit
 .text.panic    0x0000000010001f2c       0x30 CMakeFiles/assign02.dir/Users/conor/Desktop/pico/pico-sdk/src/rp2_common/pico_runtime/runtime.c.obj
                0x0000000010001f2c                panic
 .text.hard_assertion_failure
                0x0000000010001f5c        0xc CMakeFiles/assign02.dir/Users/conor/Desktop/pico/pico-sdk/src/rp2_common/pico_runtime/runtime.c.obj
                0x0000000010001f5c                hard_assertion_failure
 .text.clocks_init
                0x0000000010001f68      0x2b4 CMakeFiles/assign02.dir/Users/conor/Desktop/pico/pico-sdk/src/rp2_common/hardware_clocks/clocks.c.obj
                0x0000000010001f68                clocks_init
 .text.clock_get_hz
                0x000000001000221c        0xc CMakeFiles/assign02.dir/Users/conor/Desktop/pico/pico-sdk/src/rp2_common/hardware_clocks/clocks.c.obj
                0x000000001000221c                clock_get_hz
 .text.pll_init
                0x0000000010002228       0xa8 CMakeFiles/assign02.dir/Users/conor/Desktop/pico/pico-sdk/src/rp2_common/hardware_pll/pll.c.obj
                0x0000000010002228                pll_init
 .text.watchdog_start_tick
                0x00000000100022d0       0x10 CMakeFiles/assign02.dir/Users/conor/Desktop/pico/pico-sdk/src/rp2_common/hardware_watchdog/watchdog.c.obj
                0x00000000100022d0                watchdog_start_tick
 .text.watchdog_update
                0x00000000100022e0       0x14 CMakeFiles/assign02.dir/Users/conor/Desktop/pico/pico-sdk/src/rp2_common/hardware_watchdog/watchdog.c.obj
                0x00000000100022e0                watchdog_update
 .text.xosc_init
                0x00000000100022f4       0x28 CMakeFiles/assign02.dir/Users/conor/Desktop/pico/pico-sdk/src/rp2_common/hardware_xosc/xosc.c.obj
                0x00000000100022f4                xosc_init
 .text._out_null
                0x000000001000231c        0x4 CMakeFiles/assign02.dir/Users/conor/Desktop/pico/pico-sdk/src/rp2_common/pico_printf/printf.c.obj
 .text._out_rev
                0x0000000010002320       0x90 CMakeFiles/assign02.dir/Users/conor/Desktop/pico/pico-sdk/src/rp2_common/pico_printf/printf.c.obj
 .text._ntoa_format
                0x00000000100023b0      0x1f4 CMakeFiles/assign02.dir/Users/conor/Desktop/pico/pico-sdk/src/rp2_common/pico_printf/printf.c.obj
 .text._out_char
                0x00000000100025a4       0x10 CMakeFiles/assign02.dir/Users/conor/Desktop/pico/pico-sdk/src/rp2_common/pico_printf/printf.c.obj
 .text._out_fct
                0x00000000100025b4       0x10 CMakeFiles/assign02.dir/Users/conor/Desktop/pico/pico-sdk/src/rp2_common/pico_printf/printf.c.obj
 .text._etoa    0x00000000100025c4      0x454 CMakeFiles/assign02.dir/Users/conor/Desktop/pico/pico-sdk/src/rp2_common/pico_printf/printf.c.obj
 .text._ftoa    0x0000000010002a18      0x3c4 CMakeFiles/assign02.dir/Users/conor/Desktop/pico/pico-sdk/src/rp2_common/pico_printf/printf.c.obj
 .text._vsnprintf
                0x0000000010002ddc      0xb24 CMakeFiles/assign02.dir/Users/conor/Desktop/pico/pico-sdk/src/rp2_common/pico_printf/printf.c.obj
 .text.vfctprintf
                0x0000000010003900       0x20 CMakeFiles/assign02.dir/Users/conor/Desktop/pico/pico-sdk/src/rp2_common/pico_printf/printf.c.obj
                0x0000000010003900                vfctprintf
 .text.weak_raw_vprintf
                0x0000000010003920       0x30 CMakeFiles/assign02.dir/Users/conor/Desktop/pico/pico-sdk/src/rp2_common/pico_printf/printf.c.obj
                0x0000000010003920                weak_raw_vprintf
 .text          0x0000000010003950       0x10 CMakeFiles/assign02.dir/Users/conor/Desktop/pico/pico-sdk/src/rp2_common/pico_bit_ops/bit_ops_aeabi.S.obj
 .text.rom_func_lookup
                0x0000000010003960       0x10 CMakeFiles/assign02.dir/Users/conor/Desktop/pico/pico-sdk/src/rp2_common/pico_bootrom/bootrom.c.obj
                0x0000000010003960                rom_func_lookup
 .text.rom_data_lookup
                0x0000000010003970       0x10 CMakeFiles/assign02.dir/Users/conor/Desktop/pico/pico-sdk/src/rp2_common/pico_bootrom/bootrom.c.obj
                0x0000000010003970                rom_data_lookup
 .text.rom_funcs_lookup
                0x0000000010003980       0x44 CMakeFiles/assign02.dir/Users/conor/Desktop/pico/pico-sdk/src/rp2_common/pico_bootrom/bootrom.c.obj
                0x0000000010003980                rom_funcs_lookup
 .text.__wrap___aeabi_idiv
                0x00000000100039c4       0x50 CMakeFiles/assign02.dir/Users/conor/Desktop/pico/pico-sdk/src/rp2_common/pico_divider/divider.S.obj
                0x00000000100039c4                __wrap___aeabi_idivmod
                0x00000000100039c4                divmod_s32s32
                0x00000000100039c4                div_s32s32
                0x00000000100039c4                __wrap___aeabi_idiv
                0x00000000100039cc                divmod_s32s32_unsafe
                0x00000000100039f8                divmod_s32s32_savestate
 .text.__wrap___aeabi_uidiv
                0x0000000010003a14       0x4c CMakeFiles/assign02.dir/Users/conor/Desktop/pico/pico-sdk/src/rp2_common/pico_divider/divider.S.obj
                0x0000000010003a14                __wrap___aeabi_uidiv
                0x0000000010003a14                __wrap___aeabi_uidivmod
                0x0000000010003a14                div_u32u32
                0x0000000010003a14                divmod_u32u32
                0x0000000010003a1c                divmod_u32u32_unsafe
                0x0000000010003a44                divmod_u32u32_savestate
 .text.__wrap___aeabi_ldiv
                0x0000000010003a60      0x434 CMakeFiles/assign02.dir/Users/conor/Desktop/pico/pico-sdk/src/rp2_common/pico_divider/divider.S.obj
                0x0000000010003a60                __wrap___aeabi_ldivmod
                0x0000000010003a60                div_s64s64
                0x0000000010003a60                divmod_s64s64
                0x0000000010003a98                divmod_u64u64
                0x0000000010003a98                div_u64u64
                0x0000000010003a98                __wrap___aeabi_uldivmod
                0x0000000010003aa8                divmod_u64u64_savestate
                0x0000000010003ad0                divmod_s64s64_unsafe
                0x0000000010003b58                divmod_u64u64_unsafe
 .text.__wrap___aeabi_darithmetic
                0x0000000010003e94       0x80 CMakeFiles/assign02.dir/Users/conor/Desktop/pico/pico-sdk/src/rp2_common/pico_double/double_aeabi.S.obj
                0x0000000010003e94                __wrap___aeabi_drsub
                0x0000000010003e9a                __wrap___aeabi_dsub
                0x0000000010003eac                __wrap___aeabi_dadd
                0x0000000010003ebe                __wrap___aeabi_ddiv
                0x0000000010003efa                __wrap___aeabi_dmul
 .text.__wrap___aeabi_cdcmple
                0x0000000010003f14       0x6c CMakeFiles/assign02.dir/Users/conor/Desktop/pico/pico-sdk/src/rp2_common/pico_double/double_aeabi.S.obj
                0x0000000010003f14                __wrap___aeabi_cdrcmple
                0x0000000010003f24                __wrap___aeabi_cdcmple
                0x0000000010003f24                __wrap___aeabi_cdcmpeq
 .text.__wrap___aeabi_dcmplt
                0x0000000010003f80        0xc CMakeFiles/assign02.dir/Users/conor/Desktop/pico/pico-sdk/src/rp2_common/pico_double/double_aeabi.S.obj
                0x0000000010003f80                __wrap___aeabi_dcmplt
 .text.__wrap___aeabi_dcmpge
                0x0000000010003f8c       0x10 CMakeFiles/assign02.dir/Users/conor/Desktop/pico/pico-sdk/src/rp2_common/pico_double/double_aeabi.S.obj
                0x0000000010003f8c                __wrap___aeabi_dcmpge
 .text.__wrap___aeabi_dcmpgt
                0x0000000010003f9c        0xa CMakeFiles/assign02.dir/Users/conor/Desktop/pico/pico-sdk/src/rp2_common/pico_double/double_aeabi.S.obj
                0x0000000010003f9c                __wrap___aeabi_dcmpgt
 .text.__wrap___aeabi_dcmpun
                0x0000000010003fa6       0x1c CMakeFiles/assign02.dir/Users/conor/Desktop/pico/pico-sdk/src/rp2_common/pico_double/double_aeabi.S.obj
                0x0000000010003fa6                __wrap___aeabi_dcmpun
 *fill*         0x0000000010003fc2        0x2 
 .text.__wrap___aeabi_i2d
                0x0000000010003fc4       0x38 CMakeFiles/assign02.dir/Users/conor/Desktop/pico/pico-sdk/src/rp2_common/pico_double/double_aeabi.S.obj
                0x0000000010003fc4                __wrap___aeabi_ui2d
                0x0000000010003fcc                __wrap___aeabi_i2d
 .text.__wrap___aeabi_d2iz
                0x0000000010003ffc       0x48 CMakeFiles/assign02.dir/Users/conor/Desktop/pico/pico-sdk/src/rp2_common/pico_double/double_aeabi.S.obj
                0x0000000010003ffc                __wrap___aeabi_d2iz
                0x0000000010003ffc                double2int_z
 .text.__wrap___aeabi_d2uiz
                0x0000000010004044       0x18 CMakeFiles/assign02.dir/Users/conor/Desktop/pico/pico-sdk/src/rp2_common/pico_double/double_aeabi.S.obj
                0x0000000010004044                double2uint
                0x0000000010004044                __wrap___aeabi_d2uiz
 .text.__aeabi_double_init
                0x000000001000405c       0x98 CMakeFiles/assign02.dir/Users/conor/Desktop/pico/pico-sdk/src/rp2_common/pico_double/double_init_rom.c.obj
                0x000000001000405c                __aeabi_double_init
 .text.double_table_shim_on_use_helper
                0x00000000100040f4       0x2c CMakeFiles/assign02.dir/Users/conor/Desktop/pico/pico-sdk/src/rp2_common/pico_double/double_v1_rom_shim.S.obj
                0x00000000100040f4                double_table_shim_on_use_helper
 .text.__wrap___aeabi_dsub
                0x0000000010004120       0x10 CMakeFiles/assign02.dir/Users/conor/Desktop/pico/pico-sdk/src/rp2_common/pico_double/double_v1_rom_shim.S.obj
                0x0000000010004120                drsub_shim
                0x0000000010004126                dsub_shim
 .text.dadd_shim
                0x0000000010004130      0x15c CMakeFiles/assign02.dir/Users/conor/Desktop/pico/pico-sdk/src/rp2_common/pico_double/double_v1_rom_shim.S.obj
                0x0000000010004130                dadd_shim
 .text.dmul_shim
                0x000000001000428c      0x15c CMakeFiles/assign02.dir/Users/conor/Desktop/pico/pico-sdk/src/rp2_common/pico_double/double_v1_rom_shim.S.obj
                0x000000001000428c                dmul_shim
 .text.ddiv_shim
                0x00000000100043e8      0x1b0 CMakeFiles/assign02.dir/Users/conor/Desktop/pico/pico-sdk/src/rp2_common/pico_double/double_v1_rom_shim.S.obj
                0x00000000100043e8                ddiv_shim
 .text.double2uint_shim
                0x0000000010004598        0xe CMakeFiles/assign02.dir/Users/conor/Desktop/pico/pico-sdk/src/rp2_common/pico_double/double_v1_rom_shim.S.obj
                0x0000000010004598                double2uint_shim
                0x000000001000459a                double2ufix_shim
 *fill*         0x00000000100045a6        0x2 
 .text.double2uint64_shim
                0x00000000100045a8       0x70 CMakeFiles/assign02.dir/Users/conor/Desktop/pico/pico-sdk/src/rp2_common/pico_double/double_v1_rom_shim.S.obj
                0x00000000100045a8                double2uint64_shim
                0x00000000100045aa                double2ufix64_shim
                0x00000000100045ca                d2fix_a
 .text.dunpacks
                0x0000000010004618       0x3c CMakeFiles/assign02.dir/Users/conor/Desktop/pico/pico-sdk/src/rp2_common/pico_double/double_v1_rom_shim.S.obj
                0x0000000010004618                dunpacks
 .text.__aeabi_lmul
                0x0000000010004654       0x32 CMakeFiles/assign02.dir/Users/conor/Desktop/pico/pico-sdk/src/rp2_common/pico_int64_ops/pico_int64_ops_aeabi.S.obj
                0x0000000010004654                __wrap___aeabi_lmul
 *fill*         0x0000000010004686        0x2 
 .text.__wrap___aeabi_farithmetic
                0x0000000010004688       0x48 CMakeFiles/assign02.dir/Users/conor/Desktop/pico/pico-sdk/src/rp2_common/pico_float/float_aeabi.S.obj
                0x0000000010004688                __wrap___aeabi_frsub
                0x000000001000468e                __wrap___aeabi_fsub
                0x0000000010004694                __wrap___aeabi_fadd
                0x000000001000469a                __wrap___aeabi_fdiv
                0x00000000100046c2                __wrap___aeabi_fmul
 .text.__wrap___aeabi_ui2f
                0x00000000100046d0        0xa CMakeFiles/assign02.dir/Users/conor/Desktop/pico/pico-sdk/src/rp2_common/pico_float/float_aeabi.S.obj
                0x00000000100046d0                __wrap___aeabi_ui2f
 *fill*         0x00000000100046da        0x2 
 .text.__wrap___aeabi_i2f
                0x00000000100046dc       0x44 CMakeFiles/assign02.dir/Users/conor/Desktop/pico/pico-sdk/src/rp2_common/pico_float/float_aeabi.S.obj
                0x00000000100046dc                __wrap___aeabi_i2f
 .text.__wrap___aeabi_f2uiz
                0x0000000010004720        0xc CMakeFiles/assign02.dir/Users/conor/Desktop/pico/pico-sdk/src/rp2_common/pico_float/float_aeabi.S.obj
                0x0000000010004720                __wrap___aeabi_f2uiz
 .text.__aeabi_float_init
                0x000000001000472c       0x64 CMakeFiles/assign02.dir/Users/conor/Desktop/pico/pico-sdk/src/rp2_common/pico_float/float_init_rom.c.obj
                0x000000001000472c                __aeabi_float_init
 .text.float_table_shim_on_use_helper
                0x0000000010004790       0x2c CMakeFiles/assign02.dir/Users/conor/Desktop/pico/pico-sdk/src/rp2_common/pico_float/float_v1_rom_shim.S.obj
                0x0000000010004790                float_table_shim_on_use_helper
 .text.__wrap_malloc
                0x00000000100047bc       0x24 CMakeFiles/assign02.dir/Users/conor/Desktop/pico/pico-sdk/src/rp2_common/pico_malloc/pico_malloc.c.obj
                0x00000000100047bc                __wrap_malloc
 .text          0x00000000100047e0       0x10 CMakeFiles/assign02.dir/Users/conor/Desktop/pico/pico-sdk/src/rp2_common/pico_mem_ops/mem_ops_aeabi.S.obj
                0x00000000100047e0                __aeabi_mem_init
 .text.memset   0x00000000100047f0        0xc CMakeFiles/assign02.dir/Users/conor/Desktop/pico/pico-sdk/src/rp2_common/pico_mem_ops/mem_ops_aeabi.S.obj
                0x00000000100047f0                __wrap_memset
 .text.memcpy   0x00000000100047fc        0xc CMakeFiles/assign02.dir/Users/conor/Desktop/pico/pico-sdk/src/rp2_common/pico_mem_ops/mem_ops_aeabi.S.obj
                0x00000000100047fc                __wrap___aeabi_memcpy
                0x00000000100047fc                __wrap_memcpy
 .text.stdio_out_chars_crlf
                0x0000000010004808       0xbc CMakeFiles/assign02.dir/Users/conor/Desktop/pico/pico-sdk/src/rp2_common/pico_stdio/stdio.c.obj
 .text.stdio_buffered_printer
                0x00000000100048c4       0x64 CMakeFiles/assign02.dir/Users/conor/Desktop/pico/pico-sdk/src/rp2_common/pico_stdio/stdio.c.obj
 .text.__wrap_putchar
                0x0000000010004928       0xa4 CMakeFiles/assign02.dir/Users/conor/Desktop/pico/pico-sdk/src/rp2_common/pico_stdio/stdio.c.obj
                0x0000000010004928                __wrap_putchar
 .text.__wrap_puts
                0x00000000100049cc       0xe8 CMakeFiles/assign02.dir/Users/conor/Desktop/pico/pico-sdk/src/rp2_common/pico_stdio/stdio.c.obj
                0x00000000100049cc                __wrap_puts
 .text.stdio_set_driver_enabled
                0x0000000010004ab4       0x30 CMakeFiles/assign02.dir/Users/conor/Desktop/pico/pico-sdk/src/rp2_common/pico_stdio/stdio.c.obj
                0x0000000010004ab4                stdio_set_driver_enabled
 .text.__wrap_vprintf
                0x0000000010004ae4       0xd4 CMakeFiles/assign02.dir/Users/conor/Desktop/pico/pico-sdk/src/rp2_common/pico_stdio/stdio.c.obj
                0x0000000010004ae4                __wrap_vprintf
 .text.__wrap_printf
                0x0000000010004bb8       0x18 CMakeFiles/assign02.dir/Users/conor/Desktop/pico/pico-sdk/src/rp2_common/pico_stdio/stdio.c.obj
                0x0000000010004bb8                __wrap_printf
 .text.stdio_init_all
                0x0000000010004bd0        0x8 CMakeFiles/assign02.dir/Users/conor/Desktop/pico/pico-sdk/src/rp2_common/pico_stdio/stdio.c.obj
                0x0000000010004bd0                stdio_init_all
 .text.stdio_uart_out_chars
                0x0000000010004bd8       0x4c CMakeFiles/assign02.dir/Users/conor/Desktop/pico/pico-sdk/src/rp2_common/pico_stdio_uart/stdio_uart.c.obj
 .text.stdio_uart_in_chars
                0x0000000010004c24       0x38 CMakeFiles/assign02.dir/Users/conor/Desktop/pico/pico-sdk/src/rp2_common/pico_stdio_uart/stdio_uart.c.obj
                0x0000000010004c24                stdio_uart_in_chars
 .text.stdio_uart_init
                0x0000000010004c5c       0x48 CMakeFiles/assign02.dir/Users/conor/Desktop/pico/pico-sdk/src/rp2_common/pico_stdio_uart/stdio_uart.c.obj
                0x0000000010004c5c                stdio_uart_init
 .text.pio_add_program
                0x0000000010004ca4       0xf0 CMakeFiles/assign02.dir/Users/conor/Desktop/pico/pico-sdk/src/rp2_common/hardware_pio/pio.c.obj
                0x0000000010004ca4                pio_add_program
 .text.pio_sm_set_consecutive_pindirs
                0x0000000010004d94       0x84 CMakeFiles/assign02.dir/Users/conor/Desktop/pico/pico-sdk/src/rp2_common/hardware_pio/pio.c.obj
                0x0000000010004d94                pio_sm_set_consecutive_pindirs
 .text.pio_sm_init
                0x0000000010004e18       0x9c CMakeFiles/assign02.dir/Users/conor/Desktop/pico/pico-sdk/src/rp2_common/hardware_pio/pio.c.obj
                0x0000000010004e18                pio_sm_init
 .text.malloc   0x0000000010004eb4       0x14 /Applications/ArmGNUToolchain/12.2.rel1/arm-none-eabi/bin/../lib/gcc/arm-none-eabi/12.2.1/../../../../arm-none-eabi/lib/thumb/v6-m/nofp/libc.a(libc_a-malloc.o)
                0x0000000010004eb4                malloc
 .text._malloc_r
                0x0000000010004ec8      0x590 /Applications/ArmGNUToolchain/12.2.rel1/arm-none-eabi/bin/../lib/gcc/arm-none-eabi/12.2.1/../../../../arm-none-eabi/lib/thumb/v6-m/nofp/libc.a(libc_a-mallocr.o)
                0x0000000010004ec8                _malloc_r
 .text.__malloc_lock
                0x0000000010005458       0x10 /Applications/ArmGNUToolchain/12.2.rel1/arm-none-eabi/bin/../lib/gcc/arm-none-eabi/12.2.1/../../../../arm-none-eabi/lib/thumb/v6-m/nofp/libc.a(libc_a-mlock.o)
                0x0000000010005458                __malloc_lock
 .text.__malloc_unlock
                0x0000000010005468       0x10 /Applications/ArmGNUToolchain/12.2.rel1/arm-none-eabi/bin/../lib/gcc/arm-none-eabi/12.2.1/../../../../arm-none-eabi/lib/thumb/v6-m/nofp/libc.a(libc_a-mlock.o)
                0x0000000010005468                __malloc_unlock
 .text.srand    0x0000000010005478       0x14 /Applications/ArmGNUToolchain/12.2.rel1/arm-none-eabi/bin/../lib/gcc/arm-none-eabi/12.2.1/../../../../arm-none-eabi/lib/thumb/v6-m/nofp/libc.a(libc_a-rand.o)
                0x0000000010005478                srand
 .text.rand     0x000000001000548c       0x34 /Applications/ArmGNUToolchain/12.2.rel1/arm-none-eabi/bin/../lib/gcc/arm-none-eabi/12.2.1/../../../../arm-none-eabi/lib/thumb/v6-m/nofp/libc.a(libc_a-rand.o)
                0x000000001000548c                rand
 .text._sbrk_r  0x00000000100054c0       0x24 /Applications/ArmGNUToolchain/12.2.rel1/arm-none-eabi/bin/../lib/gcc/arm-none-eabi/12.2.1/../../../../arm-none-eabi/lib/thumb/v6-m/nofp/libc.a(libc_a-sbrkr.o)
                0x00000000100054c0                _sbrk_r
 .text.__errno  0x00000000100054e4        0xc /Applications/ArmGNUToolchain/12.2.rel1/arm-none-eabi/bin/../lib/gcc/arm-none-eabi/12.2.1/../../../../arm-none-eabi/lib/thumb/v6-m/nofp/libc.a(libc_a-errno.o)
                0x00000000100054e4                __errno
 .text.sysconf  0x00000000100054f0       0x1c /Applications/ArmGNUToolchain/12.2.rel1/arm-none-eabi/bin/../lib/gcc/arm-none-eabi/12.2.1/../../../../arm-none-eabi/lib/thumb/v6-m/nofp/libc.a(libc_a-sysconf.o)
                0x00000000100054f0                sysconf
 .text          0x000000001000550c       0x88 /Applications/ArmGNUToolchain/12.2.rel1/arm-none-eabi/bin/../lib/gcc/arm-none-eabi/12.2.1/../../../../arm-none-eabi/lib/thumb/v6-m/nofp/libc.a(libc_a-strcmp.o)
                0x000000001000550c                strcmp
 .text.__retarget_lock_acquire_recursive
                0x0000000010005594        0x4 /Applications/ArmGNUToolchain/12.2.rel1/arm-none-eabi/bin/../lib/gcc/arm-none-eabi/12.2.1/../../../../arm-none-eabi/lib/thumb/v6-m/nofp/libc.a(libc_a-lock.o)
                0x0000000010005594                __retarget_lock_acquire_recursive
 .text.__retarget_lock_release_recursive
                0x0000000010005598        0x4 /Applications/ArmGNUToolchain/12.2.rel1/arm-none-eabi/bin/../lib/gcc/arm-none-eabi/12.2.1/../../../../arm-none-eabi/lib/thumb/v6-m/nofp/libc.a(libc_a-lock.o)
                0x0000000010005598                __retarget_lock_release_recursive
 .text.strlen   0x000000001000559c       0x5c /Applications/ArmGNUToolchain/12.2.rel1/arm-none-eabi/bin/../lib/gcc/arm-none-eabi/12.2.1/../../../../arm-none-eabi/lib/thumb/v6-m/nofp/libc.a(libc_a-strlen-stub.o)
                0x000000001000559c                strlen
 .text._malloc_trim_r
                0x00000000100055f8       0xb4 /Applications/ArmGNUToolchain/12.2.rel1/arm-none-eabi/bin/../lib/gcc/arm-none-eabi/12.2.1/../../../../arm-none-eabi/lib/thumb/v6-m/nofp/libc.a(libc_a-freer.o)
                0x00000000100055f8                _malloc_trim_r
 .text._free_r  0x00000000100056ac      0x1c0 /Applications/ArmGNUToolchain/12.2.rel1/arm-none-eabi/bin/../lib/gcc/arm-none-eabi/12.2.1/../../../../arm-none-eabi/lib/thumb/v6-m/nofp/libc.a(libc_a-freer.o)
                0x00000000100056ac                _free_r
 *(.fini)
 .fini          0x000000001000586c        0x4 /Applications/ArmGNUToolchain/12.2.rel1/arm-none-eabi/bin/../lib/gcc/arm-none-eabi/12.2.1/thumb/v6-m/nofp/crti.o
                0x000000001000586c                _fini
 .fini.__stub   0x0000000010005870       0x50 linker stubs
 *crtbegin.o(.ctors)
 *crtbegin?.o(.ctors)
 *(EXCLUDE_FILE(*crtend.o *crtend?.o) .ctors)
 *(SORT_BY_NAME(.ctors.*))
 *(.ctors)
 *crtbegin.o(.dtors)
 *crtbegin?.o(.dtors)
 *(EXCLUDE_FILE(*crtend.o *crtend?.o) .dtors)
 *(SORT_BY_NAME(.dtors.*))
 *(.dtors)
 *(.eh_frame*)
 .eh_frame      0x00000000100058c0        0x0 /Applications/ArmGNUToolchain/12.2.rel1/arm-none-eabi/bin/../lib/gcc/arm-none-eabi/12.2.1/thumb/v6-m/nofp/crtbegin.o
                0x00000000100058c0                . = ALIGN (0x4)

.glue_7         0x00000000100058c0        0x0
 .glue_7        0x00000000100058c0        0x0 linker stubs

.glue_7t        0x00000000100058c0        0x0
 .glue_7t       0x00000000100058c0        0x0 linker stubs

.vfp11_veneer   0x00000000100058c0        0x0
 .vfp11_veneer  0x00000000100058c0        0x0 linker stubs

.v4_bx          0x00000000100058c0        0x0
 .v4_bx         0x00000000100058c0        0x0 linker stubs

.iplt           0x00000000100058c0        0x0
 .iplt          0x00000000100058c0        0x0 /Applications/ArmGNUToolchain/12.2.rel1/arm-none-eabi/bin/../lib/gcc/arm-none-eabi/12.2.1/thumb/v6-m/nofp/crtbegin.o

.rodata         0x00000000100058c0     0x159c
 *(EXCLUDE_FILE(*libm.a: *libc.a:*lib_a-mem*.o *libgcc.a:) .rodata*)
 .rodata.randomChar.str1.4
                0x00000000100058c0       0xf6 CMakeFiles/assign02.dir/assign02.c.obj
 *fill*         0x00000000100059b6        0x2 
 .rodata.output_user_input.str1.4
                0x00000000100059b8       0x51 CMakeFiles/assign02.dir/assign02.c.obj
 *fill*         0x0000000010005a09        0x3 
 .rodata.handle_onesec_c.str1.4
                0x0000000010005a0c       0x13 CMakeFiles/assign02.dir/assign02.c.obj
 *fill*         0x0000000010005a1f        0x1 
 .rodata.print_level_one.str1.4
                0x0000000010005a20       0xa5 CMakeFiles/assign02.dir/assign02.c.obj
 *fill*         0x0000000010005ac5        0x3 
 .rodata.print_level_two.str1.4
                0x0000000010005ac8       0x51 CMakeFiles/assign02.dir/assign02.c.obj
 *fill*         0x0000000010005b19        0x3 
 .rodata.level_complete_message.str1.4
                0x0000000010005b1c       0xa5 CMakeFiles/assign02.dir/assign02.c.obj
 *fill*         0x0000000010005bc1        0x3 
 .rodata.choose_level.str1.4
                0x0000000010005bc4        0xf CMakeFiles/assign02.dir/assign02.c.obj
 *fill*         0x0000000010005bd3        0x1 
 .rodata.welcomeMessage.str1.4
                0x0000000010005bd4      0xd71 CMakeFiles/assign02.dir/assign02.c.obj
 *fill*         0x0000000010006945        0x3 
 .rodata.level_one_and_two.str1.4
                0x0000000010006948       0xc1 CMakeFiles/assign02.dir/assign02.c.obj
 *fill*         0x0000000010006a09        0x3 
 .rodata.main.str1.4
                0x0000000010006a0c       0x51 CMakeFiles/assign02.dir/assign02.c.obj
 *fill*         0x0000000010006a5d        0x3 
 .rodata.str1.4
                0x0000000010006a60       0xd9 CMakeFiles/assign02.dir/assign02.c.obj
                                         0xe5 (size before relaxing)
 *fill*         0x0000000010006b39        0x3 
 .rodata.ws2812_program
                0x0000000010006b3c        0x6 CMakeFiles/assign02.dir/assign02.c.obj
 *fill*         0x0000000010006b42        0x2 
 .rodata.ws2812_program_instructions
                0x0000000010006b44        0x8 CMakeFiles/assign02.dir/assign02.c.obj
 .rodata.hardware_alarm_claim.str1.4
                0x0000000010006b4c       0x22 CMakeFiles/assign02.dir/Users/conor/Desktop/pico/pico-sdk/src/rp2_common/hardware_timer/timer.c.obj
 *fill*         0x0000000010006b6e        0x2 
 .rodata.panic.str1.4
                0x0000000010006b70       0x10 CMakeFiles/assign02.dir/Users/conor/Desktop/pico/pico-sdk/src/rp2_common/pico_runtime/runtime.c.obj
                                         0x12 (size before relaxing)
 .rodata.hard_assertion_failure.str1.4
                0x0000000010006b80        0xc CMakeFiles/assign02.dir/Users/conor/Desktop/pico/pico-sdk/src/rp2_common/pico_runtime/runtime.c.obj
 .rodata._ftoa.str1.4
                0x0000000010006b8c       0x15 CMakeFiles/assign02.dir/Users/conor/Desktop/pico/pico-sdk/src/rp2_common/pico_printf/printf.c.obj
 *fill*         0x0000000010006ba1        0x3 
 .rodata._vsnprintf
                0x0000000010006ba4      0x19c CMakeFiles/assign02.dir/Users/conor/Desktop/pico/pico-sdk/src/rp2_common/pico_printf/printf.c.obj
 .rodata.pow10.0
                0x0000000010006d40       0x50 CMakeFiles/assign02.dir/Users/conor/Desktop/pico/pico-sdk/src/rp2_common/pico_printf/printf.c.obj
 .rodata.__wrap_malloc.str1.4
                0x0000000010006d90        0xe CMakeFiles/assign02.dir/Users/conor/Desktop/pico/pico-sdk/src/rp2_common/pico_malloc/pico_malloc.c.obj
 *fill*         0x0000000010006d9e        0x2 
 .rodata.str1.4
                0x0000000010006da0       0x40 CMakeFiles/assign02.dir/Users/conor/Desktop/pico/pico-sdk/src/rp2_common/pico_standard_link/binary_info.c.obj
 .rodata.__bi_81
                0x0000000010006de0        0xc CMakeFiles/assign02.dir/Users/conor/Desktop/pico/pico-sdk/src/rp2_common/pico_standard_link/binary_info.c.obj
 .rodata.__bi_75
                0x0000000010006dec        0xc CMakeFiles/assign02.dir/Users/conor/Desktop/pico/pico-sdk/src/rp2_common/pico_standard_link/binary_info.c.obj
 .rodata.__bi_44
                0x0000000010006df8        0xc CMakeFiles/assign02.dir/Users/conor/Desktop/pico/pico-sdk/src/rp2_common/pico_standard_link/binary_info.c.obj
 .rodata.crlf_str.0
                0x0000000010006e04        0x2 CMakeFiles/assign02.dir/Users/conor/Desktop/pico/pico-sdk/src/rp2_common/pico_stdio/stdio.c.obj
 *fill*         0x0000000010006e06        0x2 
 .rodata.str1.4
                0x0000000010006e08       0x2c CMakeFiles/assign02.dir/Users/conor/Desktop/pico/pico-sdk/src/rp2_common/pico_stdio_uart/stdio_uart.c.obj
 .rodata.__bi_28.4
                0x0000000010006e34        0xc CMakeFiles/assign02.dir/Users/conor/Desktop/pico/pico-sdk/src/rp2_common/pico_stdio_uart/stdio_uart.c.obj
 .rodata.__bi_29.5
                0x0000000010006e40        0x8 CMakeFiles/assign02.dir/Users/conor/Desktop/pico/pico-sdk/src/rp2_common/pico_stdio_uart/stdio_uart.c.obj
 .rodata.pio_add_program.str1.4
                0x0000000010006e48       0x11 CMakeFiles/assign02.dir/Users/conor/Desktop/pico/pico-sdk/src/rp2_common/hardware_pio/pio.c.obj
                0x0000000010006e5c                . = ALIGN (0x4)
 *fill*         0x0000000010006e59        0x3 
 *(SORT_BY_ALIGNMENT(SORT_BY_NAME(.flashdata*)))
                0x0000000010006e5c                . = ALIGN (0x4)

.rel.dyn        0x0000000010006e5c        0x0
 .rel.iplt      0x0000000010006e5c        0x0 /Applications/ArmGNUToolchain/12.2.rel1/arm-none-eabi/bin/../lib/gcc/arm-none-eabi/12.2.1/thumb/v6-m/nofp/crtbegin.o

.ARM.extab
 *(.ARM.extab* .gnu.linkonce.armextab.*)
                0x0000000010006e5c                __exidx_start = .

.ARM.exidx
 *(.ARM.exidx* .gnu.linkonce.armexidx.*)
                0x0000000010006e5c                __exidx_end = .
                0x0000000010006e5c                . = ALIGN (0x4)
                0x0000000010006e5c                __binary_info_start = .

.binary_info    0x0000000010006e5c       0x24
 *(.binary_info.keep.*)
 .binary_info.keep.__bi_ptr81
                0x0000000010006e5c        0x4 CMakeFiles/assign02.dir/Users/conor/Desktop/pico/pico-sdk/src/rp2_common/pico_standard_link/binary_info.c.obj
 .binary_info.keep.__bi_ptr75
                0x0000000010006e60        0x4 CMakeFiles/assign02.dir/Users/conor/Desktop/pico/pico-sdk/src/rp2_common/pico_standard_link/binary_info.c.obj
 .binary_info.keep.__bi_ptr50
                0x0000000010006e64        0x4 CMakeFiles/assign02.dir/Users/conor/Desktop/pico/pico-sdk/src/rp2_common/pico_standard_link/binary_info.c.obj
 .binary_info.keep.__bi_ptr44
                0x0000000010006e68        0x4 CMakeFiles/assign02.dir/Users/conor/Desktop/pico/pico-sdk/src/rp2_common/pico_standard_link/binary_info.c.obj
 .binary_info.keep.__bi_ptr38
                0x0000000010006e6c        0x4 CMakeFiles/assign02.dir/Users/conor/Desktop/pico/pico-sdk/src/rp2_common/pico_standard_link/binary_info.c.obj
 .binary_info.keep.__bi_ptr30
                0x0000000010006e70        0x4 CMakeFiles/assign02.dir/Users/conor/Desktop/pico/pico-sdk/src/rp2_common/pico_standard_link/binary_info.c.obj
 .binary_info.keep.__bi_ptr22
                0x0000000010006e74        0x4 CMakeFiles/assign02.dir/Users/conor/Desktop/pico/pico-sdk/src/rp2_common/pico_standard_link/binary_info.c.obj
 *(.binary_info.*)
 .binary_info.__bi_ptr29
                0x0000000010006e78        0x4 CMakeFiles/assign02.dir/Users/conor/Desktop/pico/pico-sdk/src/rp2_common/pico_stdio_uart/stdio_uart.c.obj
 .binary_info.__bi_ptr28
                0x0000000010006e7c        0x4 CMakeFiles/assign02.dir/Users/conor/Desktop/pico/pico-sdk/src/rp2_common/pico_stdio_uart/stdio_uart.c.obj
                0x0000000010006e80                __binary_info_end = .
                0x0000000010006e80                . = ALIGN (0x4)
                0x0000000010006e80                __etext = .

.ram_vector_table
                0x0000000020000000       0xc0
 *(.ram_vector_table)
 .ram_vector_table
                0x0000000020000000       0xc0 CMakeFiles/assign02.dir/Users/conor/Desktop/pico/pico-sdk/src/rp2_common/pico_runtime/runtime.c.obj
                0x0000000020000000                ram_vector_table

.data           0x00000000200000c0      0x74c load address 0x0000000010006e80
                0x00000000200000c0                __data_start__ = .
 *(vtable)
 *(.time_critical*)
 .time_critical.mutex_enter_blocking
                0x00000000200000c0       0x48 CMakeFiles/assign02.dir/Users/conor/Desktop/pico/pico-sdk/src/common/pico_sync/mutex.c.obj
                0x00000000200000c0                mutex_enter_blocking
 .time_critical.mutex_try_enter
                0x0000000020000108       0x40 CMakeFiles/assign02.dir/Users/conor/Desktop/pico/pico-sdk/src/common/pico_sync/mutex.c.obj
                0x0000000020000108                mutex_try_enter
 .time_critical.mutex_exit
                0x0000000020000148       0x28 CMakeFiles/assign02.dir/Users/conor/Desktop/pico/pico-sdk/src/common/pico_sync/mutex.c.obj
                0x0000000020000148                mutex_exit
 *(.text*)
 .text          0x0000000020000170        0x4 /Applications/ArmGNUToolchain/12.2.rel1/arm-none-eabi/bin/../lib/gcc/arm-none-eabi/12.2.1/thumb/v6-m/nofp/libgcc.a(_dvmd_tls.o)
                0x0000000020000170                __aeabi_ldiv0
                0x0000000020000170                __aeabi_idiv0
                0x0000000020000174                . = ALIGN (0x4)
 *(.rodata*)
                0x0000000020000174                . = ALIGN (0x4)
 *(.data*)
 .data.lives    0x0000000020000174        0x4 CMakeFiles/assign02.dir/assign02.c.obj
                0x0000000020000174                lives
 .data.edge_type
                0x0000000020000178        0x1 CMakeFiles/assign02.dir/assign02.c.obj
                0x0000000020000178                edge_type
 *fill*         0x0000000020000179        0x3 
 .data.morseCode
                0x000000002000017c       0x90 CMakeFiles/assign02.dir/assign02.c.obj
                0x000000002000017c                morseCode
 .data.striped_spin_lock_num
                0x000000002000020c        0x1 CMakeFiles/assign02.dir/Users/conor/Desktop/pico/pico-sdk/src/rp2_common/hardware_sync/sync.c.obj
 *fill*         0x000000002000020d        0x3 
 .data          0x0000000020000210       0x48 CMakeFiles/assign02.dir/Users/conor/Desktop/pico/pico-sdk/src/rp2_common/hardware_irq/irq_handler_chain.S.obj
                0x0000000020000210                irq_handler_chain_slots
                0x0000000020000240                irq_handler_chain_first_slot
                0x000000002000024a                irq_handler_chain_remove_tail
 .data.default_alarm_pool
                0x0000000020000258       0x18 CMakeFiles/assign02.dir/Users/conor/Desktop/pico/pico-sdk/src/common/pico_time/time.c.obj
 .data.default_alarm_pool_heap
                0x0000000020000270       0x10 CMakeFiles/assign02.dir/Users/conor/Desktop/pico/pico-sdk/src/common/pico_time/time.c.obj
 .data.aeabi_bits_funcs
                0x0000000020000280       0x10 CMakeFiles/assign02.dir/Users/conor/Desktop/pico/pico-sdk/src/rp2_common/pico_bit_ops/bit_ops_aeabi.S.obj
                0x0000000020000280                aeabi_bits_funcs
                0x0000000020000290                aeabi_bits_funcs_end
 .data.aeabi_mem_funcs
                0x0000000020000290       0x10 CMakeFiles/assign02.dir/Users/conor/Desktop/pico/pico-sdk/src/rp2_common/pico_mem_ops/mem_ops_aeabi.S.obj
                0x0000000020000290                aeabi_mem_funcs
                0x00000000200002a0                aeabi_mem_funcs_end
 .data.stdio_uart
                0x00000000200002a0       0x14 CMakeFiles/assign02.dir/Users/conor/Desktop/pico/pico-sdk/src/rp2_common/pico_stdio_uart/stdio_uart.c.obj
                0x00000000200002a0                stdio_uart
 .data.__malloc_sbrk_base
                0x00000000200002b4        0x4 /Applications/ArmGNUToolchain/12.2.rel1/arm-none-eabi/bin/../lib/gcc/arm-none-eabi/12.2.1/../../../../arm-none-eabi/lib/thumb/v6-m/nofp/libc.a(libc_a-mallocr.o)
                0x00000000200002b4                __malloc_sbrk_base
 .data.__malloc_trim_threshold
                0x00000000200002b8        0x4 /Applications/ArmGNUToolchain/12.2.rel1/arm-none-eabi/bin/../lib/gcc/arm-none-eabi/12.2.1/../../../../arm-none-eabi/lib/thumb/v6-m/nofp/libc.a(libc_a-mallocr.o)
                0x00000000200002b8                __malloc_trim_threshold
 *fill*         0x00000000200002bc        0x4 
 .data.__malloc_av_
                0x00000000200002c0      0x408 /Applications/ArmGNUToolchain/12.2.rel1/arm-none-eabi/bin/../lib/gcc/arm-none-eabi/12.2.1/../../../../arm-none-eabi/lib/thumb/v6-m/nofp/libc.a(libc_a-mallocr.o)
                0x00000000200002c0                __malloc_av_
 .data._impure_ptr
                0x00000000200006c8        0x4 /Applications/ArmGNUToolchain/12.2.rel1/arm-none-eabi/bin/../lib/gcc/arm-none-eabi/12.2.1/../../../../arm-none-eabi/lib/thumb/v6-m/nofp/libc.a(libc_a-impure.o)
                0x00000000200006c8                _impure_ptr
 *fill*         0x00000000200006cc        0x4 
 .data._impure_data
                0x00000000200006d0      0x120 /Applications/ArmGNUToolchain/12.2.rel1/arm-none-eabi/bin/../lib/gcc/arm-none-eabi/12.2.1/../../../../arm-none-eabi/lib/thumb/v6-m/nofp/libc.a(libc_a-impure.o)
                0x00000000200006d0                _impure_data
                0x00000000200007f0                . = ALIGN (0x4)
 *(.after_data.*)
                0x00000000200007f0                . = ALIGN (0x4)
                0x00000000200007f0                PROVIDE (__mutex_array_start = .)
 *(SORT_BY_NAME(.mutex_array.*))
 *(.mutex_array)
 .mutex_array   0x00000000200007f0        0x8 CMakeFiles/assign02.dir/Users/conor/Desktop/pico/pico-sdk/src/rp2_common/pico_stdio/stdio.c.obj
                0x00000000200007f8                PROVIDE (__mutex_array_end = .)
                0x00000000200007f8                . = ALIGN (0x4)
                0x00000000200007f8                PROVIDE (__preinit_array_start = .)
 *(SORT_BY_NAME(.preinit_array.*))
 .preinit_array.00001
                0x00000000200007f8        0x4 CMakeFiles/assign02.dir/Users/conor/Desktop/pico/pico-sdk/src/rp2_common/pico_mem_ops/mem_ops_aeabi.S.obj
 .preinit_array.00010
                0x00000000200007fc        0x4 CMakeFiles/assign02.dir/Users/conor/Desktop/pico/pico-sdk/src/rp2_common/pico_bit_ops/bit_ops_aeabi.S.obj
 .preinit_array.00020
                0x0000000020000800        0x4 CMakeFiles/assign02.dir/Users/conor/Desktop/pico/pico-sdk/src/rp2_common/pico_double/double_aeabi.S.obj
 .preinit_array.00020
                0x0000000020000804        0x4 CMakeFiles/assign02.dir/Users/conor/Desktop/pico/pico-sdk/src/rp2_common/pico_float/float_aeabi.S.obj
 *(.preinit_array)
                0x0000000020000808                PROVIDE (__preinit_array_end = .)
                0x0000000020000808                . = ALIGN (0x4)
                0x0000000020000808                PROVIDE (__init_array_start = .)
 *(SORT_BY_NAME(.init_array.*))
 *(.init_array)
 .init_array    0x0000000020000808        0x4 /Applications/ArmGNUToolchain/12.2.rel1/arm-none-eabi/bin/../lib/gcc/arm-none-eabi/12.2.1/thumb/v6-m/nofp/crtbegin.o
                0x000000002000080c                PROVIDE (__init_array_end = .)
                0x000000002000080c                . = ALIGN (0x4)
                [!provide]                        PROVIDE (__fini_array_start = .)
 *(SORT_BY_NAME(.fini_array.*))
 *(.fini_array)
                [!provide]                        PROVIDE (__fini_array_end = .)
 *(.jcr)
                0x000000002000080c                . = ALIGN (0x4)
                0x000000002000080c                __data_end__ = .

.tm_clone_table
                0x000000002000080c        0x0 load address 0x00000000100075cc
 .tm_clone_table
                0x000000002000080c        0x0 /Applications/ArmGNUToolchain/12.2.rel1/arm-none-eabi/bin/../lib/gcc/arm-none-eabi/12.2.1/thumb/v6-m/nofp/crtbegin.o
 .tm_clone_table
                0x000000002000080c        0x0 /Applications/ArmGNUToolchain/12.2.rel1/arm-none-eabi/bin/../lib/gcc/arm-none-eabi/12.2.1/thumb/v6-m/nofp/crtend.o

.igot.plt       0x000000002000080c        0x0 load address 0x00000000100075cc
 .igot.plt      0x000000002000080c        0x0 /Applications/ArmGNUToolchain/12.2.rel1/arm-none-eabi/bin/../lib/gcc/arm-none-eabi/12.2.1/thumb/v6-m/nofp/crtbegin.o

.uninitialized_data
                0x000000002000080c        0x0 load address 0x00000000100075cc
                0x000000002000080c                . = ALIGN (0x4)
 *(.uninitialized_data*)

.scratch_x      0x0000000020040000        0x0 load address 0x00000000100075cc
                0x0000000020040000                __scratch_x_start__ = .
 *(.scratch_x.*)
                0x0000000020040000                . = ALIGN (0x4)
                0x0000000020040000                __scratch_x_end__ = .
                0x00000000100075cc                __scratch_x_source__ = LOADADDR (.scratch_x)

.scratch_y      0x0000000020041000        0x0 load address 0x00000000100075cc
                0x0000000020041000                __scratch_y_start__ = .
 *(.scratch_y.*)
                0x0000000020041000                . = ALIGN (0x4)
                0x0000000020041000                __scratch_y_end__ = .
                0x00000000100075cc                __scratch_y_source__ = LOADADDR (.scratch_y)

.bss            0x0000000020000810      0x714
                0x0000000020000810                . = ALIGN (0x4)
                0x0000000020000810                __bss_start__ = .
 *(SORT_BY_ALIGNMENT(SORT_BY_NAME(.bss*)))
 .bss.configured_freq
                0x0000000020000810       0x28 CMakeFiles/assign02.dir/Users/conor/Desktop/pico/pico-sdk/src/rp2_common/hardware_clocks/clocks.c.obj
 .bss.default_alarm_pool_entries
                0x0000000020000838      0x100 CMakeFiles/assign02.dir/Users/conor/Desktop/pico/pico-sdk/src/common/pico_time/time.c.obj
 .bss.sd_table  0x0000000020000938      0x100 CMakeFiles/assign02.dir/Users/conor/Desktop/pico/pico-sdk/src/rp2_common/pico_double/double_init_rom.c.obj
                0x0000000020000938                sd_table
 .bss.sf_table  0x0000000020000a38      0x100 CMakeFiles/assign02.dir/Users/conor/Desktop/pico/pico-sdk/src/rp2_common/pico_float/float_init_rom.c.obj
                0x0000000020000a38                sf_table
 .bss.__lock___malloc_recursive_mutex
                0x0000000020000b38        0x1 /Applications/ArmGNUToolchain/12.2.rel1/arm-none-eabi/bin/../lib/gcc/arm-none-eabi/12.2.1/../../../../arm-none-eabi/lib/thumb/v6-m/nofp/libc.a(libc_a-lock.o)
                0x0000000020000b38                __lock___malloc_recursive_mutex
 *fill*         0x0000000020000b39        0x3 
 .bss.__malloc_current_mallinfo
                0x0000000020000b3c       0x28 /Applications/ArmGNUToolchain/12.2.rel1/arm-none-eabi/bin/../lib/gcc/arm-none-eabi/12.2.1/../../../../arm-none-eabi/lib/thumb/v6-m/nofp/libc.a(libc_a-mallocr.o)
                0x0000000020000b3c                __malloc_current_mallinfo
 .bss.__malloc_max_sbrked_mem
                0x0000000020000b64        0x4 /Applications/ArmGNUToolchain/12.2.rel1/arm-none-eabi/bin/../lib/gcc/arm-none-eabi/12.2.1/../../../../arm-none-eabi/lib/thumb/v6-m/nofp/libc.a(libc_a-mallocr.o)
                0x0000000020000b64                __malloc_max_sbrked_mem
 .bss.__malloc_max_total_mem
                0x0000000020000b68        0x4 /Applications/ArmGNUToolchain/12.2.rel1/arm-none-eabi/bin/../lib/gcc/arm-none-eabi/12.2.1/../../../../arm-none-eabi/lib/thumb/v6-m/nofp/libc.a(libc_a-mallocr.o)
                0x0000000020000b68                __malloc_max_total_mem
 .bss.__malloc_top_pad
                0x0000000020000b6c        0x4 /Applications/ArmGNUToolchain/12.2.rel1/arm-none-eabi/bin/../lib/gcc/arm-none-eabi/12.2.1/../../../../arm-none-eabi/lib/thumb/v6-m/nofp/libc.a(libc_a-mallocr.o)
                0x0000000020000b6c                __malloc_top_pad
 .bss.__sf      0x0000000020000b70      0x138 /Applications/ArmGNUToolchain/12.2.rel1/arm-none-eabi/bin/../lib/gcc/arm-none-eabi/12.2.1/../../../../arm-none-eabi/lib/thumb/v6-m/nofp/libc.a(libc_a-findfp.o)
                0x0000000020000b70                __sf
 .bss._used_instruction_space
                0x0000000020000ca8        0x8 CMakeFiles/assign02.dir/Users/conor/Desktop/pico/pico-sdk/src/rp2_common/hardware_pio/pio.c.obj
 .bss.alarm_callbacks
                0x0000000020000cb0       0x10 CMakeFiles/assign02.dir/Users/conor/Desktop/pico/pico-sdk/src/rp2_common/hardware_timer/timer.c.obj
 .bss.default_alarm_pool_entry_ids_high
                0x0000000020000cc0       0x10 CMakeFiles/assign02.dir/Users/conor/Desktop/pico/pico-sdk/src/common/pico_time/time.c.obj
 .bss.default_alarm_pool_heap_nodes
                0x0000000020000cd0       0x30 CMakeFiles/assign02.dir/Users/conor/Desktop/pico/pico-sdk/src/common/pico_time/time.c.obj
 .bss.drivers   0x0000000020000d00        0x4 CMakeFiles/assign02.dir/Users/conor/Desktop/pico/pico-sdk/src/rp2_common/pico_stdio/stdio.c.obj
 .bss.errno     0x0000000020000d04        0x4 /Applications/ArmGNUToolchain/12.2.rel1/arm-none-eabi/bin/../lib/gcc/arm-none-eabi/12.2.1/../../../../arm-none-eabi/lib/thumb/v6-m/nofp/libc.a(libc_a-reent.o)
                0x0000000020000d04                errno
 .bss.filter    0x0000000020000d08        0x4 CMakeFiles/assign02.dir/Users/conor/Desktop/pico/pico-sdk/src/rp2_common/pico_stdio/stdio.c.obj
 .bss.heap_end.0
                0x0000000020000d0c        0x4 CMakeFiles/assign02.dir/Users/conor/Desktop/pico/pico-sdk/src/rp2_common/pico_runtime/runtime.c.obj
 .bss.high_interval
                0x0000000020000d10        0x4 CMakeFiles/assign02.dir/assign02.c.obj
                0x0000000020000d10                high_interval
 .bss.i         0x0000000020000d14        0x4 CMakeFiles/assign02.dir/assign02.c.obj
                0x0000000020000d14                i
 .bss.interrupt_occured
                0x0000000020000d18        0x4 CMakeFiles/assign02.dir/assign02.c.obj
                0x0000000020000d18                interrupt_occured
 .bss.k         0x0000000020000d1c        0x4 CMakeFiles/assign02.dir/assign02.c.obj
                0x0000000020000d1c                k
 .bss.lazy_vsnprintf
                0x0000000020000d20        0x4 CMakeFiles/assign02.dir/Users/conor/Desktop/pico/pico-sdk/src/rp2_common/pico_printf/printf.c.obj
 .bss.level_choice
                0x0000000020000d24        0x4 CMakeFiles/assign02.dir/assign02.c.obj
                0x0000000020000d24                level_choice
 .bss.load_value
                0x0000000020000d28        0x4 CMakeFiles/assign02.dir/Users/conor/Desktop/pico/pico-sdk/src/rp2_common/hardware_watchdog/watchdog.c.obj
 .bss.low_interval
                0x0000000020000d2c        0x4 CMakeFiles/assign02.dir/assign02.c.obj
                0x0000000020000d2c                low_interval
 .bss.object.0  0x0000000020000d30       0x18 /Applications/ArmGNUToolchain/12.2.rel1/arm-none-eabi/bin/../lib/gcc/arm-none-eabi/12.2.1/thumb/v6-m/nofp/crtbegin.o
 .bss.pools     0x0000000020000d48       0x10 CMakeFiles/assign02.dir/Users/conor/Desktop/pico/pico-sdk/src/common/pico_time/time.c.obj
 .bss.process_sequence
                0x0000000020000d58        0x4 CMakeFiles/assign02.dir/assign02.c.obj
                0x0000000020000d58                process_sequence
 .bss.repeat    0x0000000020000d5c        0x4 CMakeFiles/assign02.dir/assign02.c.obj
                0x0000000020000d5c                repeat
 .bss.score     0x0000000020000d60        0x4 CMakeFiles/assign02.dir/assign02.c.obj
                0x0000000020000d60                score
 .bss.sf_clz_func
                0x0000000020000d64        0x4 CMakeFiles/assign02.dir/Users/conor/Desktop/pico/pico-sdk/src/rp2_common/pico_double/double_init_rom.c.obj
                0x0000000020000d64                sf_clz_func
 .bss.sleep_notifier
                0x0000000020000d68        0x4 CMakeFiles/assign02.dir/Users/conor/Desktop/pico/pico-sdk/src/common/pico_time/time.c.obj
 .bss.space_timer
                0x0000000020000d6c        0x4 CMakeFiles/assign02.dir/assign02.c.obj
                0x0000000020000d6c                space_timer
 .bss.start_high
                0x0000000020000d70        0x4 CMakeFiles/assign02.dir/assign02.c.obj
                0x0000000020000d70                start_high
 .bss.start_low
                0x0000000020000d74        0x4 CMakeFiles/assign02.dir/assign02.c.obj
                0x0000000020000d74                start_low
 .bss.target_hi
                0x0000000020000d78       0x10 CMakeFiles/assign02.dir/Users/conor/Desktop/pico/pico-sdk/src/rp2_common/hardware_timer/timer.c.obj
 .bss.time_intervals
                0x0000000020000d88      0x190 CMakeFiles/assign02.dir/assign02.c.obj
                0x0000000020000d88                time_intervals
 .bss.uart_char_to_line_feed
                0x0000000020000f18        0x4 CMakeFiles/assign02.dir/Users/conor/Desktop/pico/pico-sdk/src/rp2_common/hardware_uart/uart.c.obj
                0x0000000020000f18                uart_char_to_line_feed
 .bss.uart_instance
                0x0000000020000f1c        0x4 CMakeFiles/assign02.dir/Users/conor/Desktop/pico/pico-sdk/src/rp2_common/pico_stdio_uart/stdio_uart.c.obj
 .bss.character
                0x0000000020000f20        0x1 CMakeFiles/assign02.dir/assign02.c.obj
                0x0000000020000f20                character
 .bss.claimed   0x0000000020000f21        0x1 CMakeFiles/assign02.dir/Users/conor/Desktop/pico/pico-sdk/src/rp2_common/hardware_timer/timer.c.obj
 .bss.irq_hander_chain_free_slot_head
                0x0000000020000f22        0x1 CMakeFiles/assign02.dir/Users/conor/Desktop/pico/pico-sdk/src/rp2_common/hardware_irq/irq.c.obj
 .bss.timer_callbacks_pending
                0x0000000020000f23        0x1 CMakeFiles/assign02.dir/Users/conor/Desktop/pico/pico-sdk/src/rp2_common/hardware_timer/timer.c.obj
 *(COMMON)
                0x0000000020000f24                . = ALIGN (0x4)
                0x0000000020000f24                __bss_end__ = .

.heap           0x0000000020000f24      0x800
                0x0000000020000f24                __end__ = .
                0x0000000020000f24                end = __end__
 *(.heap*)
 .heap          0x0000000020000f24      0x800 CMakeFiles/assign02.dir/Users/conor/Desktop/pico/pico-sdk/src/rp2_common/pico_standard_link/crt0.S.obj
                0x0000000020001724                __HeapLimit = .

.stack1_dummy
 *(.stack1*)

.stack_dummy    0x0000000020041000      0x800
 *(.stack*)
 .stack         0x0000000020041000      0x800 CMakeFiles/assign02.dir/Users/conor/Desktop/pico/pico-sdk/src/rp2_common/pico_standard_link/crt0.S.obj

.flash_end      0x00000000100075cc        0x0
                0x00000000100075cc                __flash_binary_end = .
                0x0000000020040000                __StackLimit = (ORIGIN (RAM) + LENGTH (RAM))
                0x0000000020041000                __StackOneTop = (ORIGIN (SCRATCH_X) + LENGTH (SCRATCH_X))
                0x0000000020042000                __StackTop = (ORIGIN (SCRATCH_Y) + LENGTH (SCRATCH_Y))
                0x0000000020041000                __StackOneBottom = (__StackOneTop - SIZEOF (.stack1_dummy))
                0x0000000020041800                __StackBottom = (__StackTop - SIZEOF (.stack_dummy))
                0x0000000020042000                PROVIDE (__stack = __StackTop)
                0x0000000000000001                ASSERT ((__StackLimit >= __HeapLimit), region RAM overflowed)
                0x0000000000000001                ASSERT (((__binary_info_header_end - __logical_binary_start) <= 0x100), Binary info must be in first 256 bytes of the binary)
LOAD CMakeFiles/assign02.dir/assign02.c.obj
LOAD CMakeFiles/assign02.dir/assign02.S.obj
LOAD CMakeFiles/assign02.dir/Users/conor/Desktop/pico/pico-sdk/src/rp2_common/pico_stdlib/stdlib.c.obj
LOAD CMakeFiles/assign02.dir/Users/conor/Desktop/pico/pico-sdk/src/rp2_common/hardware_gpio/gpio.c.obj
LOAD CMakeFiles/assign02.dir/Users/conor/Desktop/pico/pico-sdk/src/rp2_common/hardware_claim/claim.c.obj
LOAD CMakeFiles/assign02.dir/Users/conor/Desktop/pico/pico-sdk/src/rp2_common/pico_platform/platform.c.obj
LOAD CMakeFiles/assign02.dir/Users/conor/Desktop/pico/pico-sdk/src/rp2_common/hardware_sync/sync.c.obj
LOAD CMakeFiles/assign02.dir/Users/conor/Desktop/pico/pico-sdk/src/rp2_common/hardware_irq/irq.c.obj
LOAD CMakeFiles/assign02.dir/Users/conor/Desktop/pico/pico-sdk/src/rp2_common/hardware_irq/irq_handler_chain.S.obj
LOAD CMakeFiles/assign02.dir/Users/conor/Desktop/pico/pico-sdk/src/common/pico_sync/sem.c.obj
LOAD CMakeFiles/assign02.dir/Users/conor/Desktop/pico/pico-sdk/src/common/pico_sync/lock_core.c.obj
LOAD CMakeFiles/assign02.dir/Users/conor/Desktop/pico/pico-sdk/src/common/pico_time/time.c.obj
LOAD CMakeFiles/assign02.dir/Users/conor/Desktop/pico/pico-sdk/src/common/pico_time/timeout_helper.c.obj
LOAD CMakeFiles/assign02.dir/Users/conor/Desktop/pico/pico-sdk/src/rp2_common/hardware_timer/timer.c.obj
LOAD CMakeFiles/assign02.dir/Users/conor/Desktop/pico/pico-sdk/src/common/pico_util/datetime.c.obj
LOAD CMakeFiles/assign02.dir/Users/conor/Desktop/pico/pico-sdk/src/common/pico_util/pheap.c.obj
LOAD CMakeFiles/assign02.dir/Users/conor/Desktop/pico/pico-sdk/src/common/pico_util/queue.c.obj
LOAD CMakeFiles/assign02.dir/Users/conor/Desktop/pico/pico-sdk/src/common/pico_sync/mutex.c.obj
LOAD CMakeFiles/assign02.dir/Users/conor/Desktop/pico/pico-sdk/src/common/pico_sync/critical_section.c.obj
LOAD CMakeFiles/assign02.dir/Users/conor/Desktop/pico/pico-sdk/src/rp2_common/hardware_uart/uart.c.obj
LOAD CMakeFiles/assign02.dir/Users/conor/Desktop/pico/pico-sdk/src/rp2_common/hardware_divider/divider.S.obj
LOAD CMakeFiles/assign02.dir/Users/conor/Desktop/pico/pico-sdk/src/rp2_common/pico_runtime/runtime.c.obj
LOAD CMakeFiles/assign02.dir/Users/conor/Desktop/pico/pico-sdk/src/rp2_common/hardware_clocks/clocks.c.obj
LOAD CMakeFiles/assign02.dir/Users/conor/Desktop/pico/pico-sdk/src/rp2_common/hardware_pll/pll.c.obj
LOAD CMakeFiles/assign02.dir/Users/conor/Desktop/pico/pico-sdk/src/rp2_common/hardware_vreg/vreg.c.obj
LOAD CMakeFiles/assign02.dir/Users/conor/Desktop/pico/pico-sdk/src/rp2_common/hardware_watchdog/watchdog.c.obj
LOAD CMakeFiles/assign02.dir/Users/conor/Desktop/pico/pico-sdk/src/rp2_common/hardware_xosc/xosc.c.obj
LOAD CMakeFiles/assign02.dir/Users/conor/Desktop/pico/pico-sdk/src/rp2_common/pico_printf/printf.c.obj
LOAD CMakeFiles/assign02.dir/Users/conor/Desktop/pico/pico-sdk/src/rp2_common/pico_bit_ops/bit_ops_aeabi.S.obj
LOAD CMakeFiles/assign02.dir/Users/conor/Desktop/pico/pico-sdk/src/rp2_common/pico_bootrom/bootrom.c.obj
LOAD CMakeFiles/assign02.dir/Users/conor/Desktop/pico/pico-sdk/src/rp2_common/pico_divider/divider.S.obj
LOAD CMakeFiles/assign02.dir/Users/conor/Desktop/pico/pico-sdk/src/rp2_common/pico_double/double_aeabi.S.obj
LOAD CMakeFiles/assign02.dir/Users/conor/Desktop/pico/pico-sdk/src/rp2_common/pico_double/double_init_rom.c.obj
LOAD CMakeFiles/assign02.dir/Users/conor/Desktop/pico/pico-sdk/src/rp2_common/pico_double/double_math.c.obj
LOAD CMakeFiles/assign02.dir/Users/conor/Desktop/pico/pico-sdk/src/rp2_common/pico_double/double_v1_rom_shim.S.obj
LOAD CMakeFiles/assign02.dir/Users/conor/Desktop/pico/pico-sdk/src/rp2_common/pico_int64_ops/pico_int64_ops_aeabi.S.obj
LOAD CMakeFiles/assign02.dir/Users/conor/Desktop/pico/pico-sdk/src/rp2_common/pico_float/float_aeabi.S.obj
LOAD CMakeFiles/assign02.dir/Users/conor/Desktop/pico/pico-sdk/src/rp2_common/pico_float/float_init_rom.c.obj
LOAD CMakeFiles/assign02.dir/Users/conor/Desktop/pico/pico-sdk/src/rp2_common/pico_float/float_math.c.obj
LOAD CMakeFiles/assign02.dir/Users/conor/Desktop/pico/pico-sdk/src/rp2_common/pico_float/float_v1_rom_shim.S.obj
LOAD CMakeFiles/assign02.dir/Users/conor/Desktop/pico/pico-sdk/src/rp2_common/pico_malloc/pico_malloc.c.obj
LOAD CMakeFiles/assign02.dir/Users/conor/Desktop/pico/pico-sdk/src/rp2_common/pico_mem_ops/mem_ops_aeabi.S.obj
LOAD CMakeFiles/assign02.dir/Users/conor/Desktop/pico/pico-sdk/src/rp2_common/pico_standard_link/crt0.S.obj
LOAD CMakeFiles/assign02.dir/Users/conor/Desktop/pico/pico-sdk/src/rp2_common/pico_standard_link/new_delete.cpp.obj
LOAD CMakeFiles/assign02.dir/Users/conor/Desktop/pico/pico-sdk/src/rp2_common/pico_standard_link/binary_info.c.obj
LOAD CMakeFiles/assign02.dir/Users/conor/Desktop/pico/pico-sdk/src/rp2_common/pico_stdio/stdio.c.obj
LOAD CMakeFiles/assign02.dir/Users/conor/Desktop/pico/pico-sdk/src/rp2_common/pico_stdio_uart/stdio_uart.c.obj
LOAD CMakeFiles/assign02.dir/Users/conor/Desktop/pico/pico-sdk/src/rp2_common/hardware_pio/pio.c.obj
LOAD /var/folders/tb/ccwl9r592hn9v_xpq9s1bzlr0000gn/T//ccWq89ny.o
LOAD /Applications/ArmGNUToolchain/12.2.rel1/arm-none-eabi/bin/../lib/gcc/arm-none-eabi/12.2.1/../../../../arm-none-eabi/lib/thumb/v6-m/nofp/libstdc++.a
LOAD /Applications/ArmGNUToolchain/12.2.rel1/arm-none-eabi/bin/../lib/gcc/arm-none-eabi/12.2.1/../../../../arm-none-eabi/lib/thumb/v6-m/nofp/libm.a
START GROUP
LOAD /Applications/ArmGNUToolchain/12.2.rel1/arm-none-eabi/bin/../lib/gcc/arm-none-eabi/12.2.1/thumb/v6-m/nofp/libgcc.a
LOAD /Applications/ArmGNUToolchain/12.2.rel1/arm-none-eabi/bin/../lib/gcc/arm-none-eabi/12.2.1/../../../../arm-none-eabi/lib/thumb/v6-m/nofp/libc.a
END GROUP
START GROUP
LOAD /Applications/ArmGNUToolchain/12.2.rel1/arm-none-eabi/bin/../lib/gcc/arm-none-eabi/12.2.1/thumb/v6-m/nofp/libgcc.a
LOAD /Applications/ArmGNUToolchain/12.2.rel1/arm-none-eabi/bin/../lib/gcc/arm-none-eabi/12.2.1/../../../../arm-none-eabi/lib/thumb/v6-m/nofp/libc.a
LOAD /Applications/ArmGNUToolchain/12.2.rel1/arm-none-eabi/bin/../lib/gcc/arm-none-eabi/12.2.1/../../../../arm-none-eabi/lib/thumb/v6-m/nofp/libnosys.a
END GROUP
LOAD /Applications/ArmGNUToolchain/12.2.rel1/arm-none-eabi/bin/../lib/gcc/arm-none-eabi/12.2.1/thumb/v6-m/nofp/crtend.o
LOAD /Applications/ArmGNUToolchain/12.2.rel1/arm-none-eabi/bin/../lib/gcc/arm-none-eabi/12.2.1/thumb/v6-m/nofp/crtn.o
OUTPUT(assign02.elf elf32-littlearm)
LOAD linker stubs

.ARM.attributes
                0x0000000000000000       0x28
 .ARM.attributes
                0x0000000000000000       0x1e /Applications/ArmGNUToolchain/12.2.rel1/arm-none-eabi/bin/../lib/gcc/arm-none-eabi/12.2.1/thumb/v6-m/nofp/crti.o
 .ARM.attributes
                0x000000000000001e       0x2c /Applications/ArmGNUToolchain/12.2.rel1/arm-none-eabi/bin/../lib/gcc/arm-none-eabi/12.2.1/thumb/v6-m/nofp/crtbegin.o
 .ARM.attributes
                0x000000000000004a       0x2c CMakeFiles/assign02.dir/assign02.c.obj
 .ARM.attributes
                0x0000000000000076       0x22 CMakeFiles/assign02.dir/assign02.S.obj
 .ARM.attributes
                0x0000000000000098       0x2c CMakeFiles/assign02.dir/Users/conor/Desktop/pico/pico-sdk/src/rp2_common/hardware_gpio/gpio.c.obj
 .ARM.attributes
                0x00000000000000c4       0x2c CMakeFiles/assign02.dir/Users/conor/Desktop/pico/pico-sdk/src/rp2_common/hardware_claim/claim.c.obj
 .ARM.attributes
                0x00000000000000f0       0x2c CMakeFiles/assign02.dir/Users/conor/Desktop/pico/pico-sdk/src/rp2_common/pico_platform/platform.c.obj
 .ARM.attributes
                0x000000000000011c       0x2c CMakeFiles/assign02.dir/Users/conor/Desktop/pico/pico-sdk/src/rp2_common/hardware_sync/sync.c.obj
 .ARM.attributes
                0x0000000000000148       0x2c CMakeFiles/assign02.dir/Users/conor/Desktop/pico/pico-sdk/src/rp2_common/hardware_irq/irq.c.obj
 .ARM.attributes
                0x0000000000000174       0x22 CMakeFiles/assign02.dir/Users/conor/Desktop/pico/pico-sdk/src/rp2_common/hardware_irq/irq_handler_chain.S.obj
 .ARM.attributes
                0x0000000000000196       0x2c CMakeFiles/assign02.dir/Users/conor/Desktop/pico/pico-sdk/src/common/pico_sync/lock_core.c.obj
 .ARM.attributes
                0x00000000000001c2       0x2c CMakeFiles/assign02.dir/Users/conor/Desktop/pico/pico-sdk/src/common/pico_time/time.c.obj
 .ARM.attributes
                0x00000000000001ee       0x2c CMakeFiles/assign02.dir/Users/conor/Desktop/pico/pico-sdk/src/rp2_common/hardware_timer/timer.c.obj
 .ARM.attributes
                0x000000000000021a       0x2c CMakeFiles/assign02.dir/Users/conor/Desktop/pico/pico-sdk/src/common/pico_util/pheap.c.obj
 .ARM.attributes
                0x0000000000000246       0x2c CMakeFiles/assign02.dir/Users/conor/Desktop/pico/pico-sdk/src/common/pico_sync/mutex.c.obj
 .ARM.attributes
                0x0000000000000272       0x2c CMakeFiles/assign02.dir/Users/conor/Desktop/pico/pico-sdk/src/rp2_common/hardware_uart/uart.c.obj
 .ARM.attributes
                0x000000000000029e       0x2c CMakeFiles/assign02.dir/Users/conor/Desktop/pico/pico-sdk/src/rp2_common/pico_runtime/runtime.c.obj
 .ARM.attributes
                0x00000000000002ca       0x2c CMakeFiles/assign02.dir/Users/conor/Desktop/pico/pico-sdk/src/rp2_common/hardware_clocks/clocks.c.obj
 .ARM.attributes
                0x00000000000002f6       0x2c CMakeFiles/assign02.dir/Users/conor/Desktop/pico/pico-sdk/src/rp2_common/hardware_pll/pll.c.obj
 .ARM.attributes
                0x0000000000000322       0x2c CMakeFiles/assign02.dir/Users/conor/Desktop/pico/pico-sdk/src/rp2_common/hardware_watchdog/watchdog.c.obj
 .ARM.attributes
                0x000000000000034e       0x2c CMakeFiles/assign02.dir/Users/conor/Desktop/pico/pico-sdk/src/rp2_common/hardware_xosc/xosc.c.obj
 .ARM.attributes
                0x000000000000037a       0x2c CMakeFiles/assign02.dir/Users/conor/Desktop/pico/pico-sdk/src/rp2_common/pico_printf/printf.c.obj
 .ARM.attributes
                0x00000000000003a6       0x22 CMakeFiles/assign02.dir/Users/conor/Desktop/pico/pico-sdk/src/rp2_common/pico_bit_ops/bit_ops_aeabi.S.obj
 .ARM.attributes
                0x00000000000003c8       0x2c CMakeFiles/assign02.dir/Users/conor/Desktop/pico/pico-sdk/src/rp2_common/pico_bootrom/bootrom.c.obj
 .ARM.attributes
                0x00000000000003f4       0x22 CMakeFiles/assign02.dir/Users/conor/Desktop/pico/pico-sdk/src/rp2_common/pico_divider/divider.S.obj
 .ARM.attributes
                0x0000000000000416       0x22 CMakeFiles/assign02.dir/Users/conor/Desktop/pico/pico-sdk/src/rp2_common/pico_double/double_aeabi.S.obj
 .ARM.attributes
                0x0000000000000438       0x2c CMakeFiles/assign02.dir/Users/conor/Desktop/pico/pico-sdk/src/rp2_common/pico_double/double_init_rom.c.obj
 .ARM.attributes
                0x0000000000000464       0x22 CMakeFiles/assign02.dir/Users/conor/Desktop/pico/pico-sdk/src/rp2_common/pico_double/double_v1_rom_shim.S.obj
 .ARM.attributes
                0x0000000000000486       0x22 CMakeFiles/assign02.dir/Users/conor/Desktop/pico/pico-sdk/src/rp2_common/pico_int64_ops/pico_int64_ops_aeabi.S.obj
 .ARM.attributes
                0x00000000000004a8       0x22 CMakeFiles/assign02.dir/Users/conor/Desktop/pico/pico-sdk/src/rp2_common/pico_float/float_aeabi.S.obj
 .ARM.attributes
                0x00000000000004ca       0x2c CMakeFiles/assign02.dir/Users/conor/Desktop/pico/pico-sdk/src/rp2_common/pico_float/float_init_rom.c.obj
 .ARM.attributes
                0x00000000000004f6       0x22 CMakeFiles/assign02.dir/Users/conor/Desktop/pico/pico-sdk/src/rp2_common/pico_float/float_v1_rom_shim.S.obj
 .ARM.attributes
                0x0000000000000518       0x2c CMakeFiles/assign02.dir/Users/conor/Desktop/pico/pico-sdk/src/rp2_common/pico_malloc/pico_malloc.c.obj
 .ARM.attributes
                0x0000000000000544       0x22 CMakeFiles/assign02.dir/Users/conor/Desktop/pico/pico-sdk/src/rp2_common/pico_mem_ops/mem_ops_aeabi.S.obj
 .ARM.attributes
                0x0000000000000566       0x22 CMakeFiles/assign02.dir/Users/conor/Desktop/pico/pico-sdk/src/rp2_common/pico_standard_link/crt0.S.obj
 .ARM.attributes
                0x0000000000000588       0x2c CMakeFiles/assign02.dir/Users/conor/Desktop/pico/pico-sdk/src/rp2_common/pico_standard_link/binary_info.c.obj
 .ARM.attributes
                0x00000000000005b4       0x2c CMakeFiles/assign02.dir/Users/conor/Desktop/pico/pico-sdk/src/rp2_common/pico_stdio/stdio.c.obj
 .ARM.attributes
                0x00000000000005e0       0x2c CMakeFiles/assign02.dir/Users/conor/Desktop/pico/pico-sdk/src/rp2_common/pico_stdio_uart/stdio_uart.c.obj
 .ARM.attributes
                0x000000000000060c       0x2c CMakeFiles/assign02.dir/Users/conor/Desktop/pico/pico-sdk/src/rp2_common/hardware_pio/pio.c.obj
 .ARM.attributes
                0x0000000000000638       0x22 /var/folders/tb/ccwl9r592hn9v_xpq9s1bzlr0000gn/T//ccWq89ny.o
 .ARM.attributes
                0x000000000000065a       0x1e /Applications/ArmGNUToolchain/12.2.rel1/arm-none-eabi/bin/../lib/gcc/arm-none-eabi/12.2.1/thumb/v6-m/nofp/libgcc.a(_dvmd_tls.o)
 .ARM.attributes
                0x0000000000000678       0x2c /Applications/ArmGNUToolchain/12.2.rel1/arm-none-eabi/bin/../lib/gcc/arm-none-eabi/12.2.1/../../../../arm-none-eabi/lib/thumb/v6-m/nofp/libc.a(libc_a-malloc.o)
 .ARM.attributes
                0x00000000000006a4       0x2c /Applications/ArmGNUToolchain/12.2.rel1/arm-none-eabi/bin/../lib/gcc/arm-none-eabi/12.2.1/../../../../arm-none-eabi/lib/thumb/v6-m/nofp/libc.a(libc_a-mallocr.o)
 .ARM.attributes
                0x00000000000006d0       0x2c /Applications/ArmGNUToolchain/12.2.rel1/arm-none-eabi/bin/../lib/gcc/arm-none-eabi/12.2.1/../../../../arm-none-eabi/lib/thumb/v6-m/nofp/libc.a(libc_a-mlock.o)
 .ARM.attributes
                0x00000000000006fc       0x2c /Applications/ArmGNUToolchain/12.2.rel1/arm-none-eabi/bin/../lib/gcc/arm-none-eabi/12.2.1/../../../../arm-none-eabi/lib/thumb/v6-m/nofp/libc.a(libc_a-rand.o)
 .ARM.attributes
                0x0000000000000728       0x2c /Applications/ArmGNUToolchain/12.2.rel1/arm-none-eabi/bin/../lib/gcc/arm-none-eabi/12.2.1/../../../../arm-none-eabi/lib/thumb/v6-m/nofp/libc.a(libc_a-impure.o)
 .ARM.attributes
                0x0000000000000754       0x2c /Applications/ArmGNUToolchain/12.2.rel1/arm-none-eabi/bin/../lib/gcc/arm-none-eabi/12.2.1/../../../../arm-none-eabi/lib/thumb/v6-m/nofp/libc.a(libc_a-sbrkr.o)
 .ARM.attributes
                0x0000000000000780       0x2c /Applications/ArmGNUToolchain/12.2.rel1/arm-none-eabi/bin/../lib/gcc/arm-none-eabi/12.2.1/../../../../arm-none-eabi/lib/thumb/v6-m/nofp/libc.a(libc_a-errno.o)
 .ARM.attributes
                0x00000000000007ac       0x2c /Applications/ArmGNUToolchain/12.2.rel1/arm-none-eabi/bin/../lib/gcc/arm-none-eabi/12.2.1/../../../../arm-none-eabi/lib/thumb/v6-m/nofp/libc.a(libc_a-sysconf.o)
 .ARM.attributes
                0x00000000000007d8       0x1b /Applications/ArmGNUToolchain/12.2.rel1/arm-none-eabi/bin/../lib/gcc/arm-none-eabi/12.2.1/../../../../arm-none-eabi/lib/thumb/v6-m/nofp/libc.a(libc_a-strcmp.o)
 .ARM.attributes
                0x00000000000007f3       0x2c /Applications/ArmGNUToolchain/12.2.rel1/arm-none-eabi/bin/../lib/gcc/arm-none-eabi/12.2.1/../../../../arm-none-eabi/lib/thumb/v6-m/nofp/libc.a(libc_a-lock.o)
 .ARM.attributes
                0x000000000000081f       0x2c /Applications/ArmGNUToolchain/12.2.rel1/arm-none-eabi/bin/../lib/gcc/arm-none-eabi/12.2.1/../../../../arm-none-eabi/lib/thumb/v6-m/nofp/libc.a(libc_a-strlen-stub.o)
 .ARM.attributes
                0x000000000000084b       0x2c /Applications/ArmGNUToolchain/12.2.rel1/arm-none-eabi/bin/../lib/gcc/arm-none-eabi/12.2.1/../../../../arm-none-eabi/lib/thumb/v6-m/nofp/libc.a(libc_a-freer.o)
 .ARM.attributes
                0x0000000000000877       0x2c /Applications/ArmGNUToolchain/12.2.rel1/arm-none-eabi/bin/../lib/gcc/arm-none-eabi/12.2.1/../../../../arm-none-eabi/lib/thumb/v6-m/nofp/libc.a(libc_a-findfp.o)
 .ARM.attributes
                0x00000000000008a3       0x2c /Applications/ArmGNUToolchain/12.2.rel1/arm-none-eabi/bin/../lib/gcc/arm-none-eabi/12.2.1/../../../../arm-none-eabi/lib/thumb/v6-m/nofp/libc.a(libc_a-reent.o)
 .ARM.attributes
                0x00000000000008cf       0x2c /Applications/ArmGNUToolchain/12.2.rel1/arm-none-eabi/bin/../lib/gcc/arm-none-eabi/12.2.1/thumb/v6-m/nofp/crtend.o

.comment        0x0000000000000000       0x40
 .comment       0x0000000000000000       0x40 CMakeFiles/assign02.dir/assign02.c.obj
                                         0x41 (size before relaxing)
 .comment       0x0000000000000040       0x41 CMakeFiles/assign02.dir/Users/conor/Desktop/pico/pico-sdk/src/rp2_common/hardware_gpio/gpio.c.obj
 .comment       0x0000000000000040       0x41 CMakeFiles/assign02.dir/Users/conor/Desktop/pico/pico-sdk/src/rp2_common/hardware_claim/claim.c.obj
 .comment       0x0000000000000040       0x41 CMakeFiles/assign02.dir/Users/conor/Desktop/pico/pico-sdk/src/rp2_common/pico_platform/platform.c.obj
 .comment       0x0000000000000040       0x41 CMakeFiles/assign02.dir/Users/conor/Desktop/pico/pico-sdk/src/rp2_common/hardware_sync/sync.c.obj
 .comment       0x0000000000000040       0x41 CMakeFiles/assign02.dir/Users/conor/Desktop/pico/pico-sdk/src/rp2_common/hardware_irq/irq.c.obj
 .comment       0x0000000000000040       0x41 CMakeFiles/assign02.dir/Users/conor/Desktop/pico/pico-sdk/src/common/pico_sync/lock_core.c.obj
 .comment       0x0000000000000040       0x41 CMakeFiles/assign02.dir/Users/conor/Desktop/pico/pico-sdk/src/common/pico_time/time.c.obj
 .comment       0x0000000000000040       0x41 CMakeFiles/assign02.dir/Users/conor/Desktop/pico/pico-sdk/src/rp2_common/hardware_timer/timer.c.obj
 .comment       0x0000000000000040       0x41 CMakeFiles/assign02.dir/Users/conor/Desktop/pico/pico-sdk/src/common/pico_util/pheap.c.obj
 .comment       0x0000000000000040       0x41 CMakeFiles/assign02.dir/Users/conor/Desktop/pico/pico-sdk/src/common/pico_sync/mutex.c.obj
 .comment       0x0000000000000040       0x41 CMakeFiles/assign02.dir/Users/conor/Desktop/pico/pico-sdk/src/rp2_common/hardware_uart/uart.c.obj
 .comment       0x0000000000000040       0x41 CMakeFiles/assign02.dir/Users/conor/Desktop/pico/pico-sdk/src/rp2_common/pico_runtime/runtime.c.obj
 .comment       0x0000000000000040       0x41 CMakeFiles/assign02.dir/Users/conor/Desktop/pico/pico-sdk/src/rp2_common/hardware_clocks/clocks.c.obj
 .comment       0x0000000000000040       0x41 CMakeFiles/assign02.dir/Users/conor/Desktop/pico/pico-sdk/src/rp2_common/hardware_pll/pll.c.obj
 .comment       0x0000000000000040       0x41 CMakeFiles/assign02.dir/Users/conor/Desktop/pico/pico-sdk/src/rp2_common/hardware_watchdog/watchdog.c.obj
 .comment       0x0000000000000040       0x41 CMakeFiles/assign02.dir/Users/conor/Desktop/pico/pico-sdk/src/rp2_common/hardware_xosc/xosc.c.obj
 .comment       0x0000000000000040       0x41 CMakeFiles/assign02.dir/Users/conor/Desktop/pico/pico-sdk/src/rp2_common/pico_printf/printf.c.obj
 .comment       0x0000000000000040       0x41 CMakeFiles/assign02.dir/Users/conor/Desktop/pico/pico-sdk/src/rp2_common/pico_bootrom/bootrom.c.obj
 .comment       0x0000000000000040       0x41 CMakeFiles/assign02.dir/Users/conor/Desktop/pico/pico-sdk/src/rp2_common/pico_double/double_init_rom.c.obj
 .comment       0x0000000000000040       0x41 CMakeFiles/assign02.dir/Users/conor/Desktop/pico/pico-sdk/src/rp2_common/pico_float/float_init_rom.c.obj
 .comment       0x0000000000000040       0x41 CMakeFiles/assign02.dir/Users/conor/Desktop/pico/pico-sdk/src/rp2_common/pico_malloc/pico_malloc.c.obj
 .comment       0x0000000000000040       0x41 CMakeFiles/assign02.dir/Users/conor/Desktop/pico/pico-sdk/src/rp2_common/pico_standard_link/binary_info.c.obj
 .comment       0x0000000000000040       0x41 CMakeFiles/assign02.dir/Users/conor/Desktop/pico/pico-sdk/src/rp2_common/pico_stdio/stdio.c.obj
 .comment       0x0000000000000040       0x41 CMakeFiles/assign02.dir/Users/conor/Desktop/pico/pico-sdk/src/rp2_common/pico_stdio_uart/stdio_uart.c.obj
 .comment       0x0000000000000040       0x41 CMakeFiles/assign02.dir/Users/conor/Desktop/pico/pico-sdk/src/rp2_common/hardware_pio/pio.c.obj

.debug_line_str
                0x0000000000000000      0x1ba
 .debug_line_str
                0x0000000000000000       0xd2 /Applications/ArmGNUToolchain/12.2.rel1/arm-none-eabi/bin/../lib/gcc/arm-none-eabi/12.2.1/thumb/v6-m/nofp/libgcc.a(_dvmd_tls.o)
 .debug_line_str
                0x00000000000000d2       0xe8 /Applications/ArmGNUToolchain/12.2.rel1/arm-none-eabi/bin/../lib/gcc/arm-none-eabi/12.2.1/../../../../arm-none-eabi/lib/thumb/v6-m/nofp/libc.a(libc_a-strcmp.o)

.debug_frame    0x0000000000000000      0x418
 .debug_frame   0x0000000000000000       0x40 /Applications/ArmGNUToolchain/12.2.rel1/arm-none-eabi/bin/../lib/gcc/arm-none-eabi/12.2.1/../../../../arm-none-eabi/lib/thumb/v6-m/nofp/libc.a(libc_a-malloc.o)
 .debug_frame   0x0000000000000040       0x3c /Applications/ArmGNUToolchain/12.2.rel1/arm-none-eabi/bin/../lib/gcc/arm-none-eabi/12.2.1/../../../../arm-none-eabi/lib/thumb/v6-m/nofp/libc.a(libc_a-mallocr.o)
 .debug_frame   0x000000000000007c       0x40 /Applications/ArmGNUToolchain/12.2.rel1/arm-none-eabi/bin/../lib/gcc/arm-none-eabi/12.2.1/../../../../arm-none-eabi/lib/thumb/v6-m/nofp/libc.a(libc_a-mlock.o)
 .debug_frame   0x00000000000000bc       0x38 /Applications/ArmGNUToolchain/12.2.rel1/arm-none-eabi/bin/../lib/gcc/arm-none-eabi/12.2.1/../../../../arm-none-eabi/lib/thumb/v6-m/nofp/libc.a(libc_a-rand.o)
 .debug_frame   0x00000000000000f4       0x2c /Applications/ArmGNUToolchain/12.2.rel1/arm-none-eabi/bin/../lib/gcc/arm-none-eabi/12.2.1/../../../../arm-none-eabi/lib/thumb/v6-m/nofp/libc.a(libc_a-sbrkr.o)
 .debug_frame   0x0000000000000120       0x20 /Applications/ArmGNUToolchain/12.2.rel1/arm-none-eabi/bin/../lib/gcc/arm-none-eabi/12.2.1/../../../../arm-none-eabi/lib/thumb/v6-m/nofp/libc.a(libc_a-errno.o)
 .debug_frame   0x0000000000000140       0x28 /Applications/ArmGNUToolchain/12.2.rel1/arm-none-eabi/bin/../lib/gcc/arm-none-eabi/12.2.1/../../../../arm-none-eabi/lib/thumb/v6-m/nofp/libc.a(libc_a-sysconf.o)
 .debug_frame   0x0000000000000168       0x20 /Applications/ArmGNUToolchain/12.2.rel1/arm-none-eabi/bin/../lib/gcc/arm-none-eabi/12.2.1/../../../../arm-none-eabi/lib/thumb/v6-m/nofp/libc.a(libc_a-strcmp.o)
 .debug_frame   0x0000000000000188       0xb0 /Applications/ArmGNUToolchain/12.2.rel1/arm-none-eabi/bin/../lib/gcc/arm-none-eabi/12.2.1/../../../../arm-none-eabi/lib/thumb/v6-m/nofp/libc.a(libc_a-lock.o)
 .debug_frame   0x0000000000000238       0x28 /Applications/ArmGNUToolchain/12.2.rel1/arm-none-eabi/bin/../lib/gcc/arm-none-eabi/12.2.1/../../../../arm-none-eabi/lib/thumb/v6-m/nofp/libc.a(libc_a-strlen-stub.o)
 .debug_frame   0x0000000000000260       0x54 /Applications/ArmGNUToolchain/12.2.rel1/arm-none-eabi/bin/../lib/gcc/arm-none-eabi/12.2.1/../../../../arm-none-eabi/lib/thumb/v6-m/nofp/libc.a(libc_a-freer.o)
 .debug_frame   0x00000000000002b4      0x138 /Applications/ArmGNUToolchain/12.2.rel1/arm-none-eabi/bin/../lib/gcc/arm-none-eabi/12.2.1/../../../../arm-none-eabi/lib/thumb/v6-m/nofp/libc.a(libc_a-findfp.o)
 .debug_frame   0x00000000000003ec       0x2c /Applications/ArmGNUToolchain/12.2.rel1/arm-none-eabi/bin/../lib/gcc/arm-none-eabi/12.2.1/../../../../arm-none-eabi/lib/thumb/v6-m/nofp/libc.a(libc_a-reent.o)
