Archive member included to satisfy reference by file (symbol)

/Applications/ArmGNUToolchain/12.2.rel1/arm-none-eabi/bin/../lib/gcc/arm-none-eabi/12.2.1/thumb/v6-m/nofp/libgcc.a(_dvmd_tls.o)
                              CMakeFiles/assign02.dir/Users/conor/Desktop/pico/pico-sdk/src/rp2_common/pico_divider/divider.S.obj (__aeabi_idiv0)
/Applications/ArmGNUToolchain/12.2.rel1/arm-none-eabi/bin/../lib/gcc/arm-none-eabi/12.2.1/../../../../arm-none-eabi/lib/thumb/v6-m/nofp/libc.a(libc_a-calloc.o)
                              CMakeFiles/assign02.dir/Users/conor/Desktop/pico/pico-sdk/src/rp2_common/pico_malloc/pico_malloc.c.obj (calloc)
/Applications/ArmGNUToolchain/12.2.rel1/arm-none-eabi/bin/../lib/gcc/arm-none-eabi/12.2.1/../../../../arm-none-eabi/lib/thumb/v6-m/nofp/libc.a(libc_a-callocr.o)
                              /Applications/ArmGNUToolchain/12.2.rel1/arm-none-eabi/bin/../lib/gcc/arm-none-eabi/12.2.1/../../../../arm-none-eabi/lib/thumb/v6-m/nofp/libc.a(libc_a-calloc.o) (_calloc_r)
/Applications/ArmGNUToolchain/12.2.rel1/arm-none-eabi/bin/../lib/gcc/arm-none-eabi/12.2.1/../../../../arm-none-eabi/lib/thumb/v6-m/nofp/libc.a(libc_a-malloc.o)
                              CMakeFiles/assign02.dir/Users/conor/Desktop/pico/pico-sdk/src/rp2_common/pico_malloc/pico_malloc.c.obj (malloc)
/Applications/ArmGNUToolchain/12.2.rel1/arm-none-eabi/bin/../lib/gcc/arm-none-eabi/12.2.1/../../../../arm-none-eabi/lib/thumb/v6-m/nofp/libc.a(libc_a-mallocr.o)
                              /Applications/ArmGNUToolchain/12.2.rel1/arm-none-eabi/bin/../lib/gcc/arm-none-eabi/12.2.1/../../../../arm-none-eabi/lib/thumb/v6-m/nofp/libc.a(libc_a-callocr.o) (_malloc_r)
/Applications/ArmGNUToolchain/12.2.rel1/arm-none-eabi/bin/../lib/gcc/arm-none-eabi/12.2.1/../../../../arm-none-eabi/lib/thumb/v6-m/nofp/libc.a(libc_a-mlock.o)
                              /Applications/ArmGNUToolchain/12.2.rel1/arm-none-eabi/bin/../lib/gcc/arm-none-eabi/12.2.1/../../../../arm-none-eabi/lib/thumb/v6-m/nofp/libc.a(libc_a-mallocr.o) (__malloc_lock)
/Applications/ArmGNUToolchain/12.2.rel1/arm-none-eabi/bin/../lib/gcc/arm-none-eabi/12.2.1/../../../../arm-none-eabi/lib/thumb/v6-m/nofp/libc.a(libc_a-realloc.o)
                              CMakeFiles/assign02.dir/Users/conor/Desktop/pico/pico-sdk/src/rp2_common/pico_malloc/pico_malloc.c.obj (realloc)
/Applications/ArmGNUToolchain/12.2.rel1/arm-none-eabi/bin/../lib/gcc/arm-none-eabi/12.2.1/../../../../arm-none-eabi/lib/thumb/v6-m/nofp/libc.a(libc_a-reallocr.o)
                              /Applications/ArmGNUToolchain/12.2.rel1/arm-none-eabi/bin/../lib/gcc/arm-none-eabi/12.2.1/../../../../arm-none-eabi/lib/thumb/v6-m/nofp/libc.a(libc_a-realloc.o) (_realloc_r)
/Applications/ArmGNUToolchain/12.2.rel1/arm-none-eabi/bin/../lib/gcc/arm-none-eabi/12.2.1/../../../../arm-none-eabi/lib/thumb/v6-m/nofp/libc.a(libc_a-memmove.o)
                              /Applications/ArmGNUToolchain/12.2.rel1/arm-none-eabi/bin/../lib/gcc/arm-none-eabi/12.2.1/../../../../arm-none-eabi/lib/thumb/v6-m/nofp/libc.a(libc_a-reallocr.o) (memmove)
/Applications/ArmGNUToolchain/12.2.rel1/arm-none-eabi/bin/../lib/gcc/arm-none-eabi/12.2.1/../../../../arm-none-eabi/lib/thumb/v6-m/nofp/libc.a(libc_a-impure.o)
                              /Applications/ArmGNUToolchain/12.2.rel1/arm-none-eabi/bin/../lib/gcc/arm-none-eabi/12.2.1/../../../../arm-none-eabi/lib/thumb/v6-m/nofp/libc.a(libc_a-calloc.o) (_impure_ptr)
/Applications/ArmGNUToolchain/12.2.rel1/arm-none-eabi/bin/../lib/gcc/arm-none-eabi/12.2.1/../../../../arm-none-eabi/lib/thumb/v6-m/nofp/libc.a(libc_a-sbrkr.o)
                              /Applications/ArmGNUToolchain/12.2.rel1/arm-none-eabi/bin/../lib/gcc/arm-none-eabi/12.2.1/../../../../arm-none-eabi/lib/thumb/v6-m/nofp/libc.a(libc_a-mallocr.o) (_sbrk_r)
/Applications/ArmGNUToolchain/12.2.rel1/arm-none-eabi/bin/../lib/gcc/arm-none-eabi/12.2.1/../../../../arm-none-eabi/lib/thumb/v6-m/nofp/libc.a(libc_a-errno.o)
                              /Applications/ArmGNUToolchain/12.2.rel1/arm-none-eabi/bin/../lib/gcc/arm-none-eabi/12.2.1/../../../../arm-none-eabi/lib/thumb/v6-m/nofp/libc.a(libc_a-callocr.o) (__errno)
/Applications/ArmGNUToolchain/12.2.rel1/arm-none-eabi/bin/../lib/gcc/arm-none-eabi/12.2.1/../../../../arm-none-eabi/lib/thumb/v6-m/nofp/libc.a(libc_a-sysconf.o)
                              /Applications/ArmGNUToolchain/12.2.rel1/arm-none-eabi/bin/../lib/gcc/arm-none-eabi/12.2.1/../../../../arm-none-eabi/lib/thumb/v6-m/nofp/libc.a(libc_a-mallocr.o) (sysconf)
/Applications/ArmGNUToolchain/12.2.rel1/arm-none-eabi/bin/../lib/gcc/arm-none-eabi/12.2.1/../../../../arm-none-eabi/lib/thumb/v6-m/nofp/libc.a(libc_a-init.o)
                              /Applications/ArmGNUToolchain/12.2.rel1/arm-none-eabi/bin/../lib/gcc/arm-none-eabi/12.2.1/../../../../arm-none-eabi/lib/thumb/v6-m/nofp/crt0.o (__libc_init_array)
[...]
Memory Configuration

Name             Origin             Length             Attributes
FLASH            0x0000000010000000 0x0000000000200000 xr
RAM              0x0000000020000000 0x0000000000040000 xrw
SCRATCH_X        0x0000000020040000 0x0000000000001000 xrw
SCRATCH_Y        0x0000000020041000 0x0000000000001000 xrw
*default*        0x0000000000000000 0xffffffffffffffff

Linker script and memory map

LOAD /Applications/ArmGNUToolchain/12.2.rel1/arm-none-eabi/bin/../lib/gcc/arm-none-eabi/12.2.1/thumb/v6-m/nofp/crti.o
LOAD /Applications/ArmGNUToolchain/12.2.rel1/arm-none-eabi/bin/../lib/gcc/arm-none-eabi/12.2.1/thumb/v6-m/nofp/crtbegin.o
LOAD /Applications/ArmGNUToolchain/12.2.rel1/arm-none-eabi/bin/../lib/gcc/arm-none-eabi/12.2.1/../../../../arm-none-eabi/lib/thumb/v6-m/nofp/crt0.o

.flash_begin    0x0000000010000000        0x0
                0x0000000010000000                __flash_binary_start = .

.boot2          0x0000000010000000      0x100
                0x0000000010000000                __boot2_start__ = .
 *(.boot2)
 .boot2         0x0000000010000000      0x100 /var/folders/tb/ccwl9r592hn9v_xpq9s1bzlr0000gn/T//cceVu0TI.o
                0x0000000010000100                __boot2_end__ = .
                0x0000000000000001                ASSERT (((__boot2_end__ - __boot2_start__) == 0x100), ERROR: Pico second stage bootloader must be 256 bytes in size)

.text           0x0000000010000100     0x1d10
                0x0000000010000100                __logical_binary_start = .
 *(.vectors)
 .vectors       0x0000000010000100       0xd4 CMakeFiles/assign02.dir/Users/conor/Desktop/pico/pico-sdk/src/rp2_common/pico_standard_link/crt0.S.obj
                0x0000000010000100                __VECTOR_TABLE
                0x0000000010000100                __vectors
                0x00000000100001c0                __default_isrs_start
                0x00000000100001c0                isr_invalid
                0x00000000100001c2                isr_nmi
                0x00000000100001c4                isr_hardfault
                0x00000000100001c6                isr_svcall
                0x00000000100001c8                isr_pendsv
                0x00000000100001ca                isr_systick
                0x00000000100001cc                isr_irq28
                0x00000000100001cc                isr_irq19
                0x00000000100001cc                isr_irq0
                0x00000000100001cc                isr_irq6
                0x00000000100001cc                isr_irq22
                0x00000000100001cc                isr_irq17
                0x00000000100001cc                isr_irq14
                0x00000000100001cc                isr_irq2
                0x00000000100001cc                isr_irq10
                0x00000000100001cc                isr_irq8
                0x00000000100001cc                isr_irq24
                0x00000000100001cc                isr_irq1
                0x00000000100001cc                isr_irq7
                0x00000000100001cc                isr_irq21
                0x00000000100001cc                isr_irq20
                0x00000000100001cc                isr_irq15
                0x00000000100001cc                isr_irq25
                0x00000000100001cc                isr_irq4
                0x00000000100001cc                isr_irq16
                0x00000000100001cc                isr_irq29
                0x00000000100001cc                isr_irq26
                0x00000000100001cc                __default_isrs_end
                0x00000000100001cc                isr_irq3
                0x00000000100001cc                isr_irq9
                0x00000000100001cc                __unhandled_user_irq
                0x00000000100001cc                isr_irq13
                0x00000000100001cc                isr_irq27
                0x00000000100001cc                isr_irq31
                0x00000000100001cc                isr_irq5
                0x00000000100001cc                isr_irq11
                0x00000000100001cc                isr_irq23
                0x00000000100001cc                isr_irq18
                0x00000000100001cc                isr_irq30
                0x00000000100001cc                isr_irq12
                0x00000000100001d2                unhandled_user_irq_num_in_r0
 *(.binary_info_header)
 .binary_info_header
                0x00000000100001d4       0x14 CMakeFiles/assign02.dir/Users/conor/Desktop/pico/pico-sdk/src/rp2_common/pico_standard_link/crt0.S.obj
                0x00000000100001e8                __binary_info_header_end = .
 *(.reset)
 .reset         0x00000000100001e8       0xa8 CMakeFiles/assign02.dir/Users/conor/Desktop/pico/pico-sdk/src/rp2_common/pico_standard_link/crt0.S.obj
                0x00000000100001e8                _entry_point
                0x0000000010000266                __get_current_exception
 .reset         0x0000000010000290       0x30 CMakeFiles/assign02.dir/Users/conor/Desktop/pico/pico-sdk/src/rp2_common/pico_standard_link/binary_info.c.obj
 *(.init)
 .init          0x00000000100002c0        0x4 /Applications/ArmGNUToolchain/12.2.rel1/arm-none-eabi/bin/../lib/gcc/arm-none-eabi/12.2.1/thumb/v6-m/nofp/crti.o
                0x00000000100002c0                _init
 *(EXCLUDE_FILE(*libm.a: *libc.a:*lib_a-mem*.o *libgcc.a:) .text*)
 .text.register_tm_clones
                0x00000000100002c4       0x28 /Applications/ArmGNUToolchain/12.2.rel1/arm-none-eabi/bin/../lib/gcc/arm-none-eabi/12.2.1/thumb/v6-m/nofp/crtbegin.o
 .text.frame_dummy
                0x00000000100002ec       0x24 /Applications/ArmGNUToolchain/12.2.rel1/arm-none-eabi/bin/../lib/gcc/arm-none-eabi/12.2.1/thumb/v6-m/nofp/crtbegin.o
 .text.startup.main
                0x0000000010000310       0x38 CMakeFiles/assign02.dir/assign02.c.obj
                0x0000000010000310                main
 .text.gpio_init
                0x0000000010000348       0x3c CMakeFiles/assign02.dir/Users/conor/Desktop/pico/pico-sdk/src/rp2_common/hardware_gpio/gpio.c.obj
                0x0000000010000348                gpio_init
 .text.hw_claim_or_assert
                0x0000000010000384       0x44 CMakeFiles/assign02.dir/Users/conor/Desktop/pico/pico-sdk/src/rp2_common/hardware_claim/claim.c.obj
                0x0000000010000384                hw_claim_or_assert
 .text.running_on_fpga
                0x00000000100003c8       0x10 CMakeFiles/assign02.dir/Users/conor/Desktop/pico/pico-sdk/src/rp2_common/pico_platform/platform.c.obj
                0x00000000100003c8                running_on_fpga
 .text.spin_locks_reset
                0x00000000100003d8       0x1c CMakeFiles/assign02.dir/Users/conor/Desktop/pico/pico-sdk/src/rp2_common/hardware_sync/sync.c.obj
                0x00000000100003d8                spin_locks_reset
 .text.next_striped_spin_lock_num
                0x00000000100003f4       0x18 CMakeFiles/assign02.dir/Users/conor/Desktop/pico/pico-sdk/src/rp2_common/hardware_sync/sync.c.obj
                0x00000000100003f4                next_striped_spin_lock_num
 .text.irq_set_enabled
                0x000000001000040c       0x24 CMakeFiles/assign02.dir/Users/conor/Desktop/pico/pico-sdk/src/rp2_common/hardware_irq/irq.c.obj
                0x000000001000040c                irq_set_enabled
 .text.irq_get_vtable_handler
                0x0000000010000430       0x10 CMakeFiles/assign02.dir/Users/conor/Desktop/pico/pico-sdk/src/rp2_common/hardware_irq/irq.c.obj
                0x0000000010000430                irq_get_vtable_handler
 .text.irq_set_exclusive_handler
                0x0000000010000440       0x54 CMakeFiles/assign02.dir/Users/conor/Desktop/pico/pico-sdk/src/rp2_common/hardware_irq/irq.c.obj
                0x0000000010000440                irq_set_exclusive_handler
 .text.irq_remove_handler
                0x0000000010000494      0x1cc CMakeFiles/assign02.dir/Users/conor/Desktop/pico/pico-sdk/src/rp2_common/hardware_irq/irq.c.obj
                0x0000000010000494                irq_remove_handler
 .text.irq_add_tail_to_free_list
                0x0000000010000660       0xb4 CMakeFiles/assign02.dir/Users/conor/Desktop/pico/pico-sdk/src/rp2_common/hardware_irq/irq.c.obj
                0x0000000010000660                irq_add_tail_to_free_list
 .text.irq_init_priorities
                0x0000000010000714       0x24 CMakeFiles/assign02.dir/Users/conor/Desktop/pico/pico-sdk/src/rp2_common/hardware_irq/irq.c.obj
                0x0000000010000714                irq_init_priorities
 .text.lock_init
                0x0000000010000738       0x10 CMakeFiles/assign02.dir/Users/conor/Desktop/pico/pico-sdk/src/common/pico_sync/lock_core.c.obj
                0x0000000010000738                lock_init
 .text.timer_pool_entry_comparator
                0x0000000010000748       0x34 CMakeFiles/assign02.dir/Users/conor/Desktop/pico/pico-sdk/src/common/pico_time/time.c.obj
                0x0000000010000748                timer_pool_entry_comparator
 .text.sleep_until_callback
                0x000000001000077c       0x30 CMakeFiles/assign02.dir/Users/conor/Desktop/pico/pico-sdk/src/common/pico_time/time.c.obj
 .text.add_alarm_under_lock.isra.0
                0x00000000100007ac      0x100 CMakeFiles/assign02.dir/Users/conor/Desktop/pico/pico-sdk/src/common/pico_time/time.c.obj
 .text.alarm_pool_alarm_callback
                0x00000000100008ac      0x1c4 CMakeFiles/assign02.dir/Users/conor/Desktop/pico/pico-sdk/src/common/pico_time/time.c.obj
 .text.alarm_pool_add_alarm_at.constprop.0
                0x0000000010000a70      0x11c CMakeFiles/assign02.dir/Users/conor/Desktop/pico/pico-sdk/src/common/pico_time/time.c.obj
 .text.alarm_pool_init_default
                0x0000000010000b8c       0x64 CMakeFiles/assign02.dir/Users/conor/Desktop/pico/pico-sdk/src/common/pico_time/time.c.obj
                0x0000000010000b8c                alarm_pool_init_default
 .text.sleep_until
                0x0000000010000bf0       0xac CMakeFiles/assign02.dir/Users/conor/Desktop/pico/pico-sdk/src/common/pico_time/time.c.obj
                0x0000000010000bf0                sleep_until
 .text.sleep_ms
                0x0000000010000c9c       0x38 CMakeFiles/assign02.dir/Users/conor/Desktop/pico/pico-sdk/src/common/pico_time/time.c.obj
                0x0000000010000c9c                sleep_ms
 .text.hardware_alarm_irq_handler
                0x0000000010000cd4       0xb8 CMakeFiles/assign02.dir/Users/conor/Desktop/pico/pico-sdk/src/rp2_common/hardware_timer/timer.c.obj
 .text.hardware_alarm_claim
                0x0000000010000d8c       0x18 CMakeFiles/assign02.dir/Users/conor/Desktop/pico/pico-sdk/src/rp2_common/hardware_timer/timer.c.obj
                0x0000000010000d8c                hardware_alarm_claim
 .text.time_us_64
                0x0000000010000da4       0x14 CMakeFiles/assign02.dir/Users/conor/Desktop/pico/pico-sdk/src/rp2_common/hardware_timer/timer.c.obj
                0x0000000010000da4                time_us_64
 .text.busy_wait_until
                0x0000000010000db8       0x20 CMakeFiles/assign02.dir/Users/conor/Desktop/pico/pico-sdk/src/rp2_common/hardware_timer/timer.c.obj
                0x0000000010000db8                busy_wait_until
 .text.hardware_alarm_set_callback
                0x0000000010000dd8       0x8c CMakeFiles/assign02.dir/Users/conor/Desktop/pico/pico-sdk/src/rp2_common/hardware_timer/timer.c.obj
                0x0000000010000dd8                hardware_alarm_set_callback
 .text.hardware_alarm_set_target
                0x0000000010000e64       0xdc CMakeFiles/assign02.dir/Users/conor/Desktop/pico/pico-sdk/src/rp2_common/hardware_timer/timer.c.obj
                0x0000000010000e64                hardware_alarm_set_target
 .text.hardware_alarm_cancel
                0x0000000010000f40       0x3c CMakeFiles/assign02.dir/Users/conor/Desktop/pico/pico-sdk/src/rp2_common/hardware_timer/timer.c.obj
                0x0000000010000f40                hardware_alarm_cancel
 .text.ph_merge_nodes
                0x0000000010000f7c       0x64 CMakeFiles/assign02.dir/Users/conor/Desktop/pico/pico-sdk/src/common/pico_util/pheap.c.obj
 .text.ph_post_alloc_init
                0x0000000010000fe0       0x3c CMakeFiles/assign02.dir/Users/conor/Desktop/pico/pico-sdk/src/common/pico_util/pheap.c.obj
                0x0000000010000fe0                ph_post_alloc_init
 .text.ph_merge_two_pass
                0x000000001000101c       0x98 CMakeFiles/assign02.dir/Users/conor/Desktop/pico/pico-sdk/src/common/pico_util/pheap.c.obj
                0x000000001000101c                ph_merge_two_pass
 .text.ph_remove_any_head
                0x00000000100010b4      0x12c CMakeFiles/assign02.dir/Users/conor/Desktop/pico/pico-sdk/src/common/pico_util/pheap.c.obj
 .text.ph_remove_head
                0x00000000100011e0      0x130 CMakeFiles/assign02.dir/Users/conor/Desktop/pico/pico-sdk/src/common/pico_util/pheap.c.obj
                0x00000000100011e0                ph_remove_head
 .text.ph_remove_and_free_node
                0x0000000010001310       0x78 CMakeFiles/assign02.dir/Users/conor/Desktop/pico/pico-sdk/src/common/pico_util/pheap.c.obj
                0x0000000010001310                ph_remove_and_free_node
 .text.mutex_init
                0x0000000010001388       0x1c CMakeFiles/assign02.dir/Users/conor/Desktop/pico/pico-sdk/src/common/pico_sync/mutex.c.obj
                0x0000000010001388                mutex_init
 .text.recursive_mutex_init
                0x00000000100013a4       0x1c CMakeFiles/assign02.dir/Users/conor/Desktop/pico/pico-sdk/src/common/pico_sync/mutex.c.obj
                0x00000000100013a4                recursive_mutex_init
 .text.runtime_init
                0x00000000100013c0       0xf0 CMakeFiles/assign02.dir/Users/conor/Desktop/pico/pico-sdk/src/rp2_common/pico_runtime/runtime.c.obj
                0x00000000100013c0                runtime_init
 .text.exit     0x00000000100014b0        0x4 CMakeFiles/assign02.dir/Users/conor/Desktop/pico/pico-sdk/src/rp2_common/pico_runtime/runtime.c.obj
                0x00000000100014b0                exit
 .text.panic    0x00000000100014b4       0x30 CMakeFiles/assign02.dir/Users/conor/Desktop/pico/pico-sdk/src/rp2_common/pico_runtime/runtime.c.obj
                0x00000000100014b4                panic
 .text.hard_assertion_failure
                0x00000000100014e4        0xc CMakeFiles/assign02.dir/Users/conor/Desktop/pico/pico-sdk/src/rp2_common/pico_runtime/runtime.c.obj
                0x00000000100014e4                hard_assertion_failure
 .text.clocks_init
                0x00000000100014f0      0x2b4 CMakeFiles/assign02.dir/Users/conor/Desktop/pico/pico-sdk/src/rp2_common/hardware_clocks/clocks.c.obj
                0x00000000100014f0                clocks_init
 .text.pll_init
                0x00000000100017a4       0xa8 CMakeFiles/assign02.dir/Users/conor/Desktop/pico/pico-sdk/src/rp2_common/hardware_pll/pll.c.obj
                0x00000000100017a4                pll_init
 .text.watchdog_start_tick
                0x000000001000184c       0x10 CMakeFiles/assign02.dir/Users/conor/Desktop/pico/pico-sdk/src/rp2_common/hardware_watchdog/watchdog.c.obj
                0x000000001000184c                watchdog_start_tick
 .text.xosc_init
                0x000000001000185c       0x28 CMakeFiles/assign02.dir/Users/conor/Desktop/pico/pico-sdk/src/rp2_common/hardware_xosc/xosc.c.obj
                0x000000001000185c                xosc_init
 .text._out_char
                0x0000000010001884       0x10 CMakeFiles/assign02.dir/Users/conor/Desktop/pico/pico-sdk/src/rp2_common/pico_printf/printf.c.obj
 .text.weak_raw_vprintf
                0x0000000010001894       0x30 CMakeFiles/assign02.dir/Users/conor/Desktop/pico/pico-sdk/src/rp2_common/pico_printf/printf.c.obj
                0x0000000010001894                weak_raw_vprintf
 .text          0x00000000100018c4       0x10 CMakeFiles/assign02.dir/Users/conor/Desktop/pico/pico-sdk/src/rp2_common/pico_bit_ops/bit_ops_aeabi.S.obj
 .text.rom_func_lookup
                0x00000000100018d4       0x10 CMakeFiles/assign02.dir/Users/conor/Desktop/pico/pico-sdk/src/rp2_common/pico_bootrom/bootrom.c.obj
                0x00000000100018d4                rom_func_lookup
 .text.rom_data_lookup
                0x00000000100018e4       0x10 CMakeFiles/assign02.dir/Users/conor/Desktop/pico/pico-sdk/src/rp2_common/pico_bootrom/bootrom.c.obj
                0x00000000100018e4                rom_data_lookup
 .text.rom_funcs_lookup
                0x00000000100018f4       0x44 CMakeFiles/assign02.dir/Users/conor/Desktop/pico/pico-sdk/src/rp2_common/pico_bootrom/bootrom.c.obj
                0x00000000100018f4                rom_funcs_lookup
 .text.__wrap___aeabi_uidiv
                0x0000000010001938       0x4c CMakeFiles/assign02.dir/Users/conor/Desktop/pico/pico-sdk/src/rp2_common/pico_divider/divider.S.obj
                0x0000000010001938                __wrap___aeabi_uidiv
                0x0000000010001938                __wrap___aeabi_uidivmod
                0x0000000010001938                div_u32u32
                0x0000000010001938                divmod_u32u32
                0x0000000010001940                divmod_u32u32_unsafe
                0x0000000010001968                divmod_u32u32_savestate
 .text.__aeabi_double_init
                0x0000000010001984       0x98 CMakeFiles/assign02.dir/Users/conor/Desktop/pico/pico-sdk/src/rp2_common/pico_double/double_init_rom.c.obj
                0x0000000010001984                __aeabi_double_init
 .text.double_table_shim_on_use_helper
                0x0000000010001a1c       0x2c CMakeFiles/assign02.dir/Users/conor/Desktop/pico/pico-sdk/src/rp2_common/pico_double/double_v1_rom_shim.S.obj
                0x0000000010001a1c                double_table_shim_on_use_helper
 .text.__aeabi_lmul
                0x0000000010001a48       0x32 CMakeFiles/assign02.dir/Users/conor/Desktop/pico/pico-sdk/src/rp2_common/pico_int64_ops/pico_int64_ops_aeabi.S.obj
                0x0000000010001a48                __wrap___aeabi_lmul
 *fill*         0x0000000010001a7a        0x2 
 .text.__aeabi_float_init
                0x0000000010001a7c       0x64 CMakeFiles/assign02.dir/Users/conor/Desktop/pico/pico-sdk/src/rp2_common/pico_float/float_init_rom.c.obj
                0x0000000010001a7c                __aeabi_float_init
 .text.float_table_shim_on_use_helper
                0x0000000010001ae0       0x2c CMakeFiles/assign02.dir/Users/conor/Desktop/pico/pico-sdk/src/rp2_common/pico_float/float_v1_rom_shim.S.obj
                0x0000000010001ae0                float_table_shim_on_use_helper
 .text          0x0000000010001b0c       0x10 CMakeFiles/assign02.dir/Users/conor/Desktop/pico/pico-sdk/src/rp2_common/pico_mem_ops/mem_ops_aeabi.S.obj
                0x0000000010001b0c                __aeabi_mem_init
 .text.memcpy   0x0000000010001b1c        0xc CMakeFiles/assign02.dir/Users/conor/Desktop/pico/pico-sdk/src/rp2_common/pico_mem_ops/mem_ops_aeabi.S.obj
                0x0000000010001b1c                __wrap___aeabi_memcpy
                0x0000000010001b1c                __wrap_memcpy
 .text.stdio_out_chars_crlf
                0x0000000010001b28       0xbc CMakeFiles/assign02.dir/Users/conor/Desktop/pico/pico-sdk/src/rp2_common/pico_stdio/stdio.c.obj
 .text.__wrap_putchar
                0x0000000010001be4       0xa4 CMakeFiles/assign02.dir/Users/conor/Desktop/pico/pico-sdk/src/rp2_common/pico_stdio/stdio.c.obj
                0x0000000010001be4                __wrap_putchar
 .text.__wrap_puts
                0x0000000010001c88       0xe8 CMakeFiles/assign02.dir/Users/conor/Desktop/pico/pico-sdk/src/rp2_common/pico_stdio/stdio.c.obj
                0x0000000010001c88                __wrap_puts
 .text.strlen   0x0000000010001d70       0x5c /Applications/ArmGNUToolchain/12.2.rel1/arm-none-eabi/bin/../lib/gcc/arm-none-eabi/12.2.1/../../../../arm-none-eabi/lib/thumb/v6-m/nofp/libc.a(libc_a-strlen-stub.o)
                0x0000000010001d70                strlen
 *(.fini)
 .fini          0x0000000010001dcc        0x4 /Applications/ArmGNUToolchain/12.2.rel1/arm-none-eabi/bin/../lib/gcc/arm-none-eabi/12.2.1/thumb/v6-m/nofp/crti.o
                0x0000000010001dcc                _fini
 .fini.__stub   0x0000000010001dd0       0x40 linker stubs
 *crtbegin.o(.ctors)
 *crtbegin?.o(.ctors)
 *(EXCLUDE_FILE(*crtend.o *crtend?.o) .ctors)
 *(SORT_BY_NAME(.ctors.*))
 *(.ctors)
 *crtbegin.o(.dtors)
 *crtbegin?.o(.dtors)
 *(EXCLUDE_FILE(*crtend.o *crtend?.o) .dtors)
 *(SORT_BY_NAME(.dtors.*))
 *(.dtors)
 *(.eh_frame*)
 .eh_frame      0x0000000010001e10        0x0 /Applications/ArmGNUToolchain/12.2.rel1/arm-none-eabi/bin/../lib/gcc/arm-none-eabi/12.2.1/thumb/v6-m/nofp/crtbegin.o
                0x0000000010001e10                . = ALIGN (0x4)

.glue_7         0x0000000010001e10        0x0
 .glue_7        0x0000000010001e10        0x0 linker stubs

.glue_7t        0x0000000010001e10        0x0
 .glue_7t       0x0000000010001e10        0x0 linker stubs

.vfp11_veneer   0x0000000010001e10        0x0
 .vfp11_veneer  0x0000000010001e10        0x0 linker stubs

.v4_bx          0x0000000010001e10        0x0
 .v4_bx         0x0000000010001e10        0x0 linker stubs

.iplt           0x0000000010001e10        0x0
 .iplt          0x0000000010001e10        0x0 /Applications/ArmGNUToolchain/12.2.rel1/arm-none-eabi/bin/../lib/gcc/arm-none-eabi/12.2.1/thumb/v6-m/nofp/crtbegin.o

.rodata         0x0000000010001e10       0xac
 *(EXCLUDE_FILE(*libm.a: *libc.a:*lib_a-mem*.o *libgcc.a:) .rodata*)
 .rodata.hardware_alarm_claim.str1.4
                0x0000000010001e10       0x22 CMakeFiles/assign02.dir/Users/conor/Desktop/pico/pico-sdk/src/rp2_common/hardware_timer/timer.c.obj
 *fill*         0x0000000010001e32        0x2 
 .rodata.panic.str1.4
                0x0000000010001e34       0x12 CMakeFiles/assign02.dir/Users/conor/Desktop/pico/pico-sdk/src/rp2_common/pico_runtime/runtime.c.obj
 *fill*         0x0000000010001e46        0x2 
 .rodata.hard_assertion_failure.str1.4
                0x0000000010001e48        0xc CMakeFiles/assign02.dir/Users/conor/Desktop/pico/pico-sdk/src/rp2_common/pico_runtime/runtime.c.obj
 .rodata.str1.4
                0x0000000010001e54       0x40 CMakeFiles/assign02.dir/Users/conor/Desktop/pico/pico-sdk/src/rp2_common/pico_standard_link/binary_info.c.obj
 .rodata.__bi_81
                0x0000000010001e94        0xc CMakeFiles/assign02.dir/Users/conor/Desktop/pico/pico-sdk/src/rp2_common/pico_standard_link/binary_info.c.obj
 .rodata.__bi_75
                0x0000000010001ea0        0xc CMakeFiles/assign02.dir/Users/conor/Desktop/pico/pico-sdk/src/rp2_common/pico_standard_link/binary_info.c.obj
 .rodata.__bi_44
                0x0000000010001eac        0xc CMakeFiles/assign02.dir/Users/conor/Desktop/pico/pico-sdk/src/rp2_common/pico_standard_link/binary_info.c.obj
 .rodata.crlf_str.0
                0x0000000010001eb8        0x2 CMakeFiles/assign02.dir/Users/conor/Desktop/pico/pico-sdk/src/rp2_common/pico_stdio/stdio.c.obj
                0x0000000010001ebc                . = ALIGN (0x4)
 *fill*         0x0000000010001eba        0x2 
 *(SORT_BY_ALIGNMENT(SORT_BY_NAME(.flashdata*)))
                0x0000000010001ebc                . = ALIGN (0x4)

.rel.dyn        0x0000000010001ebc        0x0
 .rel.iplt      0x0000000010001ebc        0x0 /Applications/ArmGNUToolchain/12.2.rel1/arm-none-eabi/bin/../lib/gcc/arm-none-eabi/12.2.1/thumb/v6-m/nofp/crtbegin.o

.ARM.extab
 *(.ARM.extab* .gnu.linkonce.armextab.*)
                0x0000000010001ebc                __exidx_start = .

.ARM.exidx
 *(.ARM.exidx* .gnu.linkonce.armexidx.*)
                0x0000000010001ebc                __exidx_end = .
                0x0000000010001ebc                . = ALIGN (0x4)
                0x0000000010001ebc                __binary_info_start = .

.binary_info    0x0000000010001ebc       0x1c
 *(.binary_info.keep.*)
 .binary_info.keep.__bi_ptr81
                0x0000000010001ebc        0x4 CMakeFiles/assign02.dir/Users/conor/Desktop/pico/pico-sdk/src/rp2_common/pico_standard_link/binary_info.c.obj
 .binary_info.keep.__bi_ptr75
                0x0000000010001ec0        0x4 CMakeFiles/assign02.dir/Users/conor/Desktop/pico/pico-sdk/src/rp2_common/pico_standard_link/binary_info.c.obj
 .binary_info.keep.__bi_ptr50
                0x0000000010001ec4        0x4 CMakeFiles/assign02.dir/Users/conor/Desktop/pico/pico-sdk/src/rp2_common/pico_standard_link/binary_info.c.obj
 .binary_info.keep.__bi_ptr44
                0x0000000010001ec8        0x4 CMakeFiles/assign02.dir/Users/conor/Desktop/pico/pico-sdk/src/rp2_common/pico_standard_link/binary_info.c.obj
 .binary_info.keep.__bi_ptr38
                0x0000000010001ecc        0x4 CMakeFiles/assign02.dir/Users/conor/Desktop/pico/pico-sdk/src/rp2_common/pico_standard_link/binary_info.c.obj
 .binary_info.keep.__bi_ptr30
                0x0000000010001ed0        0x4 CMakeFiles/assign02.dir/Users/conor/Desktop/pico/pico-sdk/src/rp2_common/pico_standard_link/binary_info.c.obj
 .binary_info.keep.__bi_ptr22
                0x0000000010001ed4        0x4 CMakeFiles/assign02.dir/Users/conor/Desktop/pico/pico-sdk/src/rp2_common/pico_standard_link/binary_info.c.obj
 *(.binary_info.*)
                0x0000000010001ed8                __binary_info_end = .
                0x0000000010001ed8                . = ALIGN (0x4)
                0x0000000010001ed8                __etext = .

.ram_vector_table
                0x0000000020000000       0xc0
 *(.ram_vector_table)
 .ram_vector_table
                0x0000000020000000       0xc0 CMakeFiles/assign02.dir/Users/conor/Desktop/pico/pico-sdk/src/rp2_common/pico_runtime/runtime.c.obj
                0x0000000020000000                ram_vector_table

.data           0x00000000200000c0      0x16c load address 0x0000000010001ed8
                0x00000000200000c0                __data_start__ = .
 *(vtable)
 *(.time_critical*)
 .time_critical.mutex_enter_blocking
                0x00000000200000c0       0x48 CMakeFiles/assign02.dir/Users/conor/Desktop/pico/pico-sdk/src/common/pico_sync/mutex.c.obj
                0x00000000200000c0                mutex_enter_blocking
 .time_critical.mutex_try_enter
                0x0000000020000108       0x40 CMakeFiles/assign02.dir/Users/conor/Desktop/pico/pico-sdk/src/common/pico_sync/mutex.c.obj
                0x0000000020000108                mutex_try_enter
 .time_critical.mutex_exit
                0x0000000020000148       0x28 CMakeFiles/assign02.dir/Users/conor/Desktop/pico/pico-sdk/src/common/pico_sync/mutex.c.obj
                0x0000000020000148                mutex_exit
 *(.text*)
 .text          0x0000000020000170        0x4 /Applications/ArmGNUToolchain/12.2.rel1/arm-none-eabi/bin/../lib/gcc/arm-none-eabi/12.2.1/thumb/v6-m/nofp/libgcc.a(_dvmd_tls.o)
                0x0000000020000170                __aeabi_ldiv0
                0x0000000020000170                __aeabi_idiv0
                0x0000000020000174                . = ALIGN (0x4)
 *(.rodata*)
                0x0000000020000174                . = ALIGN (0x4)
 *(.data*)
 .data.striped_spin_lock_num
                0x0000000020000174        0x1 CMakeFiles/assign02.dir/Users/conor/Desktop/pico/pico-sdk/src/rp2_common/hardware_sync/sync.c.obj
 *fill*         0x0000000020000175        0x3 
 .data          0x0000000020000178       0x48 CMakeFiles/assign02.dir/Users/conor/Desktop/pico/pico-sdk/src/rp2_common/hardware_irq/irq_handler_chain.S.obj
                0x0000000020000178                irq_handler_chain_slots
                0x00000000200001a8                irq_handler_chain_first_slot
                0x00000000200001b2                irq_handler_chain_remove_tail
 .data.default_alarm_pool
                0x00000000200001c0       0x18 CMakeFiles/assign02.dir/Users/conor/Desktop/pico/pico-sdk/src/common/pico_time/time.c.obj
 .data.default_alarm_pool_heap
                0x00000000200001d8       0x10 CMakeFiles/assign02.dir/Users/conor/Desktop/pico/pico-sdk/src/common/pico_time/time.c.obj
 *fill*         0x00000000200001e8        0x8 
 .data.aeabi_bits_funcs
                0x00000000200001f0       0x10 CMakeFiles/assign02.dir/Users/conor/Desktop/pico/pico-sdk/src/rp2_common/pico_bit_ops/bit_ops_aeabi.S.obj
                0x00000000200001f0                aeabi_bits_funcs
                0x0000000020000200                aeabi_bits_funcs_end
 .data.aeabi_mem_funcs
                0x0000000020000200       0x10 CMakeFiles/assign02.dir/Users/conor/Desktop/pico/pico-sdk/src/rp2_common/pico_mem_ops/mem_ops_aeabi.S.obj
                0x0000000020000200                aeabi_mem_funcs
                0x0000000020000210                aeabi_mem_funcs_end
                0x0000000020000210                . = ALIGN (0x4)
 *(.after_data.*)
                0x0000000020000210                . = ALIGN (0x4)
                0x0000000020000210                PROVIDE (__mutex_array_start = .)
 *(SORT_BY_NAME(.mutex_array.*))
 *(.mutex_array)
 .mutex_array   0x0000000020000210        0x8 CMakeFiles/assign02.dir/Users/conor/Desktop/pico/pico-sdk/src/rp2_common/pico_stdio/stdio.c.obj
                0x0000000020000218                PROVIDE (__mutex_array_end = .)
                0x0000000020000218                . = ALIGN (0x4)
                0x0000000020000218                PROVIDE (__preinit_array_start = .)
 *(SORT_BY_NAME(.preinit_array.*))
 .preinit_array.00001
                0x0000000020000218        0x4 CMakeFiles/assign02.dir/Users/conor/Desktop/pico/pico-sdk/src/rp2_common/pico_mem_ops/mem_ops_aeabi.S.obj
 .preinit_array.00010
                0x000000002000021c        0x4 CMakeFiles/assign02.dir/Users/conor/Desktop/pico/pico-sdk/src/rp2_common/pico_bit_ops/bit_ops_aeabi.S.obj
 .preinit_array.00020
                0x0000000020000220        0x4 CMakeFiles/assign02.dir/Users/conor/Desktop/pico/pico-sdk/src/rp2_common/pico_double/double_aeabi.S.obj
 .preinit_array.00020
                0x0000000020000224        0x4 CMakeFiles/assign02.dir/Users/conor/Desktop/pico/pico-sdk/src/rp2_common/pico_float/float_aeabi.S.obj
 *(.preinit_array)
                0x0000000020000228                PROVIDE (__preinit_array_end = .)
                0x0000000020000228                . = ALIGN (0x4)
                0x0000000020000228                PROVIDE (__init_array_start = .)
 *(SORT_BY_NAME(.init_array.*))
 *(.init_array)
 .init_array    0x0000000020000228        0x4 /Applications/ArmGNUToolchain/12.2.rel1/arm-none-eabi/bin/../lib/gcc/arm-none-eabi/12.2.1/thumb/v6-m/nofp/crtbegin.o
                0x000000002000022c                PROVIDE (__init_array_end = .)
                0x000000002000022c                . = ALIGN (0x4)
                [!provide]                        PROVIDE (__fini_array_start = .)
 *(SORT_BY_NAME(.fini_array.*))
 *(.fini_array)
                [!provide]                        PROVIDE (__fini_array_end = .)
 *(.jcr)
                0x000000002000022c                . = ALIGN (0x4)
                0x000000002000022c                __data_end__ = .

.tm_clone_table
                0x000000002000022c        0x0 load address 0x0000000010002044
 .tm_clone_table
                0x000000002000022c        0x0 /Applications/ArmGNUToolchain/12.2.rel1/arm-none-eabi/bin/../lib/gcc/arm-none-eabi/12.2.1/thumb/v6-m/nofp/crtbegin.o
 .tm_clone_table
                0x000000002000022c        0x0 /Applications/ArmGNUToolchain/12.2.rel1/arm-none-eabi/bin/../lib/gcc/arm-none-eabi/12.2.1/thumb/v6-m/nofp/crtend.o

.igot.plt       0x000000002000022c        0x0 load address 0x0000000010002044
 .igot.plt      0x000000002000022c        0x0 /Applications/ArmGNUToolchain/12.2.rel1/arm-none-eabi/bin/../lib/gcc/arm-none-eabi/12.2.1/thumb/v6-m/nofp/crtbegin.o

.uninitialized_data
                0x000000002000022c        0x0 load address 0x0000000010002044
                0x000000002000022c                . = ALIGN (0x4)
 *(.uninitialized_data*)

.scratch_x      0x0000000020040000        0x0 load address 0x0000000010002044
                0x0000000020040000                __scratch_x_start__ = .
 *(.scratch_x.*)
                0x0000000020040000                . = ALIGN (0x4)
                0x0000000020040000                __scratch_x_end__ = .
                0x0000000010002044                __scratch_x_source__ = LOADADDR (.scratch_x)

.scratch_y      0x0000000020041000        0x0 load address 0x0000000010002044
                0x0000000020041000                __scratch_y_start__ = .
 *(.scratch_y.*)
                0x0000000020041000                . = ALIGN (0x4)
                0x0000000020041000                __scratch_y_end__ = .
                0x0000000010002044                __scratch_y_source__ = LOADADDR (.scratch_y)

.bss            0x0000000020000230      0x3c8
                0x0000000020000230                . = ALIGN (0x4)
                0x0000000020000230                __bss_start__ = .
 *(SORT_BY_ALIGNMENT(SORT_BY_NAME(.bss*)))
 .bss.configured_freq
                0x0000000020000230       0x28 CMakeFiles/assign02.dir/Users/conor/Desktop/pico/pico-sdk/src/rp2_common/hardware_clocks/clocks.c.obj
 .bss.default_alarm_pool_entries
                0x0000000020000258      0x100 CMakeFiles/assign02.dir/Users/conor/Desktop/pico/pico-sdk/src/common/pico_time/time.c.obj
 .bss.sd_table  0x0000000020000358      0x100 CMakeFiles/assign02.dir/Users/conor/Desktop/pico/pico-sdk/src/rp2_common/pico_double/double_init_rom.c.obj
                0x0000000020000358                sd_table
 .bss.sf_table  0x0000000020000458      0x100 CMakeFiles/assign02.dir/Users/conor/Desktop/pico/pico-sdk/src/rp2_common/pico_float/float_init_rom.c.obj
                0x0000000020000458                sf_table
 .bss.alarm_callbacks
                0x0000000020000558       0x10 CMakeFiles/assign02.dir/Users/conor/Desktop/pico/pico-sdk/src/rp2_common/hardware_timer/timer.c.obj
 .bss.default_alarm_pool_entry_ids_high
                0x0000000020000568       0x10 CMakeFiles/assign02.dir/Users/conor/Desktop/pico/pico-sdk/src/common/pico_time/time.c.obj
 .bss.default_alarm_pool_heap_nodes
                0x0000000020000578       0x30 CMakeFiles/assign02.dir/Users/conor/Desktop/pico/pico-sdk/src/common/pico_time/time.c.obj
 .bss.drivers   0x00000000200005a8        0x4 CMakeFiles/assign02.dir/Users/conor/Desktop/pico/pico-sdk/src/rp2_common/pico_stdio/stdio.c.obj
 .bss.filter    0x00000000200005ac        0x4 CMakeFiles/assign02.dir/Users/conor/Desktop/pico/pico-sdk/src/rp2_common/pico_stdio/stdio.c.obj
 .bss.lazy_vsnprintf
                0x00000000200005b0        0x4 CMakeFiles/assign02.dir/Users/conor/Desktop/pico/pico-sdk/src/rp2_common/pico_printf/printf.c.obj
 .bss.object.0  0x00000000200005b4       0x18 /Applications/ArmGNUToolchain/12.2.rel1/arm-none-eabi/bin/../lib/gcc/arm-none-eabi/12.2.1/thumb/v6-m/nofp/crtbegin.o
 .bss.pools     0x00000000200005cc       0x10 CMakeFiles/assign02.dir/Users/conor/Desktop/pico/pico-sdk/src/common/pico_time/time.c.obj
 .bss.sf_clz_func
                0x00000000200005dc        0x4 CMakeFiles/assign02.dir/Users/conor/Desktop/pico/pico-sdk/src/rp2_common/pico_double/double_init_rom.c.obj
                0x00000000200005dc                sf_clz_func
 .bss.sleep_notifier
                0x00000000200005e0        0x4 CMakeFiles/assign02.dir/Users/conor/Desktop/pico/pico-sdk/src/common/pico_time/time.c.obj
 .bss.target_hi
                0x00000000200005e4       0x10 CMakeFiles/assign02.dir/Users/conor/Desktop/pico/pico-sdk/src/rp2_common/hardware_timer/timer.c.obj
 .bss.claimed   0x00000000200005f4        0x1 CMakeFiles/assign02.dir/Users/conor/Desktop/pico/pico-sdk/src/rp2_common/hardware_timer/timer.c.obj
 .bss.irq_hander_chain_free_slot_head
                0x00000000200005f5        0x1 CMakeFiles/assign02.dir/Users/conor/Desktop/pico/pico-sdk/src/rp2_common/hardware_irq/irq.c.obj
 .bss.timer_callbacks_pending
                0x00000000200005f6        0x1 CMakeFiles/assign02.dir/Users/conor/Desktop/pico/pico-sdk/src/rp2_common/hardware_timer/timer.c.obj
 *(COMMON)
                0x00000000200005f8                . = ALIGN (0x4)
 *fill*         0x00000000200005f7        0x1 
                0x00000000200005f8                __bss_end__ = .

.heap           0x00000000200005f8      0x800
                0x00000000200005f8                __end__ = .
                0x00000000200005f8                end = __end__
 *(.heap*)
 .heap          0x00000000200005f8      0x800 CMakeFiles/assign02.dir/Users/conor/Desktop/pico/pico-sdk/src/rp2_common/pico_standard_link/crt0.S.obj
                0x0000000020000df8                __HeapLimit = .

.stack1_dummy
 *(.stack1*)

.stack_dummy    0x0000000020041000      0x800
 *(.stack*)
 .stack         0x0000000020041000      0x800 CMakeFiles/assign02.dir/Users/conor/Desktop/pico/pico-sdk/src/rp2_common/pico_standard_link/crt0.S.obj

.flash_end      0x0000000010002044        0x0
                0x0000000010002044                __flash_binary_end = .
                0x0000000020040000                __StackLimit = (ORIGIN (RAM) + LENGTH (RAM))
                0x0000000020041000                __StackOneTop = (ORIGIN (SCRATCH_X) + LENGTH (SCRATCH_X))
                0x0000000020042000                __StackTop = (ORIGIN (SCRATCH_Y) + LENGTH (SCRATCH_Y))
                0x0000000020041000                __StackOneBottom = (__StackOneTop - SIZEOF (.stack1_dummy))
                0x0000000020041800                __StackBottom = (__StackTop - SIZEOF (.stack_dummy))
                0x0000000020042000                PROVIDE (__stack = __StackTop)
                0x0000000000000001                ASSERT ((__StackLimit >= __HeapLimit), region RAM overflowed)
                0x0000000000000001                ASSERT (((__binary_info_header_end - __logical_binary_start) <= 0x100), Binary info must be in first 256 bytes of the binary)
LOAD CMakeFiles/assign02.dir/assign02.c.obj
LOAD CMakeFiles/assign02.dir/assign02.S.obj
LOAD CMakeFiles/assign02.dir/Users/conor/Desktop/pico/pico-sdk/src/rp2_common/pico_stdlib/stdlib.c.obj
LOAD CMakeFiles/assign02.dir/Users/conor/Desktop/pico/pico-sdk/src/rp2_common/hardware_gpio/gpio.c.obj
LOAD CMakeFiles/assign02.dir/Users/conor/Desktop/pico/pico-sdk/src/rp2_common/hardware_claim/claim.c.obj
LOAD CMakeFiles/assign02.dir/Users/conor/Desktop/pico/pico-sdk/src/rp2_common/pico_platform/platform.c.obj
LOAD CMakeFiles/assign02.dir/Users/conor/Desktop/pico/pico-sdk/src/rp2_common/hardware_sync/sync.c.obj
LOAD CMakeFiles/assign02.dir/Users/conor/Desktop/pico/pico-sdk/src/rp2_common/hardware_irq/irq.c.obj
LOAD CMakeFiles/assign02.dir/Users/conor/Desktop/pico/pico-sdk/src/rp2_common/hardware_irq/irq_handler_chain.S.obj
LOAD CMakeFiles/assign02.dir/Users/conor/Desktop/pico/pico-sdk/src/common/pico_sync/sem.c.obj
LOAD CMakeFiles/assign02.dir/Users/conor/Desktop/pico/pico-sdk/src/common/pico_sync/lock_core.c.obj
LOAD CMakeFiles/assign02.dir/Users/conor/Desktop/pico/pico-sdk/src/common/pico_time/time.c.obj
LOAD CMakeFiles/assign02.dir/Users/conor/Desktop/pico/pico-sdk/src/common/pico_time/timeout_helper.c.obj
LOAD CMakeFiles/assign02.dir/Users/conor/Desktop/pico/pico-sdk/src/rp2_common/hardware_timer/timer.c.obj
LOAD CMakeFiles/assign02.dir/Users/conor/Desktop/pico/pico-sdk/src/common/pico_util/datetime.c.obj
LOAD CMakeFiles/assign02.dir/Users/conor/Desktop/pico/pico-sdk/src/common/pico_util/pheap.c.obj
LOAD CMakeFiles/assign02.dir/Users/conor/Desktop/pico/pico-sdk/src/common/pico_util/queue.c.obj
LOAD CMakeFiles/assign02.dir/Users/conor/Desktop/pico/pico-sdk/src/common/pico_sync/mutex.c.obj
LOAD CMakeFiles/assign02.dir/Users/conor/Desktop/pico/pico-sdk/src/common/pico_sync/critical_section.c.obj
LOAD CMakeFiles/assign02.dir/Users/conor/Desktop/pico/pico-sdk/src/rp2_common/hardware_uart/uart.c.obj
LOAD CMakeFiles/assign02.dir/Users/conor/Desktop/pico/pico-sdk/src/rp2_common/hardware_divider/divider.S.obj
LOAD CMakeFiles/assign02.dir/Users/conor/Desktop/pico/pico-sdk/src/rp2_common/pico_runtime/runtime.c.obj
LOAD CMakeFiles/assign02.dir/Users/conor/Desktop/pico/pico-sdk/src/rp2_common/hardware_clocks/clocks.c.obj
LOAD CMakeFiles/assign02.dir/Users/conor/Desktop/pico/pico-sdk/src/rp2_common/hardware_pll/pll.c.obj
LOAD CMakeFiles/assign02.dir/Users/conor/Desktop/pico/pico-sdk/src/rp2_common/hardware_vreg/vreg.c.obj
LOAD CMakeFiles/assign02.dir/Users/conor/Desktop/pico/pico-sdk/src/rp2_common/hardware_watchdog/watchdog.c.obj
LOAD CMakeFiles/assign02.dir/Users/conor/Desktop/pico/pico-sdk/src/rp2_common/hardware_xosc/xosc.c.obj
LOAD CMakeFiles/assign02.dir/Users/conor/Desktop/pico/pico-sdk/src/rp2_common/pico_printf/printf.c.obj
LOAD CMakeFiles/assign02.dir/Users/conor/Desktop/pico/pico-sdk/src/rp2_common/pico_bit_ops/bit_ops_aeabi.S.obj
LOAD CMakeFiles/assign02.dir/Users/conor/Desktop/pico/pico-sdk/src/rp2_common/pico_bootrom/bootrom.c.obj
LOAD CMakeFiles/assign02.dir/Users/conor/Desktop/pico/pico-sdk/src/rp2_common/pico_divider/divider.S.obj
LOAD CMakeFiles/assign02.dir/Users/conor/Desktop/pico/pico-sdk/src/rp2_common/pico_double/double_aeabi.S.obj
LOAD CMakeFiles/assign02.dir/Users/conor/Desktop/pico/pico-sdk/src/rp2_common/pico_double/double_init_rom.c.obj
LOAD CMakeFiles/assign02.dir/Users/conor/Desktop/pico/pico-sdk/src/rp2_common/pico_double/double_math.c.obj
LOAD CMakeFiles/assign02.dir/Users/conor/Desktop/pico/pico-sdk/src/rp2_common/pico_double/double_v1_rom_shim.S.obj
LOAD CMakeFiles/assign02.dir/Users/conor/Desktop/pico/pico-sdk/src/rp2_common/pico_int64_ops/pico_int64_ops_aeabi.S.obj
LOAD CMakeFiles/assign02.dir/Users/conor/Desktop/pico/pico-sdk/src/rp2_common/pico_float/float_aeabi.S.obj
LOAD CMakeFiles/assign02.dir/Users/conor/Desktop/pico/pico-sdk/src/rp2_common/pico_float/float_init_rom.c.obj
LOAD CMakeFiles/assign02.dir/Users/conor/Desktop/pico/pico-sdk/src/rp2_common/pico_float/float_math.c.obj
LOAD CMakeFiles/assign02.dir/Users/conor/Desktop/pico/pico-sdk/src/rp2_common/pico_float/float_v1_rom_shim.S.obj
LOAD CMakeFiles/assign02.dir/Users/conor/Desktop/pico/pico-sdk/src/rp2_common/pico_malloc/pico_malloc.c.obj
LOAD CMakeFiles/assign02.dir/Users/conor/Desktop/pico/pico-sdk/src/rp2_common/pico_mem_ops/mem_ops_aeabi.S.obj
LOAD CMakeFiles/assign02.dir/Users/conor/Desktop/pico/pico-sdk/src/rp2_common/pico_standard_link/crt0.S.obj
LOAD CMakeFiles/assign02.dir/Users/conor/Desktop/pico/pico-sdk/src/rp2_common/pico_standard_link/new_delete.cpp.obj
LOAD CMakeFiles/assign02.dir/Users/conor/Desktop/pico/pico-sdk/src/rp2_common/pico_standard_link/binary_info.c.obj
LOAD CMakeFiles/assign02.dir/Users/conor/Desktop/pico/pico-sdk/src/rp2_common/pico_stdio/stdio.c.obj
LOAD CMakeFiles/assign02.dir/Users/conor/Desktop/pico/pico-sdk/src/rp2_common/pico_stdio_uart/stdio_uart.c.obj
LOAD /var/folders/tb/ccwl9r592hn9v_xpq9s1bzlr0000gn/T//cceVu0TI.o
LOAD /Applications/ArmGNUToolchain/12.2.rel1/arm-none-eabi/bin/../lib/gcc/arm-none-eabi/12.2.1/../../../../arm-none-eabi/lib/thumb/v6-m/nofp/libstdc++.a
LOAD /Applications/ArmGNUToolchain/12.2.rel1/arm-none-eabi/bin/../lib/gcc/arm-none-eabi/12.2.1/../../../../arm-none-eabi/lib/thumb/v6-m/nofp/libm.a
START GROUP
LOAD /Applications/ArmGNUToolchain/12.2.rel1/arm-none-eabi/bin/../lib/gcc/arm-none-eabi/12.2.1/thumb/v6-m/nofp/libgcc.a
LOAD /Applications/ArmGNUToolchain/12.2.rel1/arm-none-eabi/bin/../lib/gcc/arm-none-eabi/12.2.1/../../../../arm-none-eabi/lib/thumb/v6-m/nofp/libc.a
END GROUP
START GROUP
LOAD /Applications/ArmGNUToolchain/12.2.rel1/arm-none-eabi/bin/../lib/gcc/arm-none-eabi/12.2.1/thumb/v6-m/nofp/libgcc.a
LOAD /Applications/ArmGNUToolchain/12.2.rel1/arm-none-eabi/bin/../lib/gcc/arm-none-eabi/12.2.1/../../../../arm-none-eabi/lib/thumb/v6-m/nofp/libc.a
LOAD /Applications/ArmGNUToolchain/12.2.rel1/arm-none-eabi/bin/../lib/gcc/arm-none-eabi/12.2.1/../../../../arm-none-eabi/lib/thumb/v6-m/nofp/libnosys.a
END GROUP
LOAD /Applications/ArmGNUToolchain/12.2.rel1/arm-none-eabi/bin/../lib/gcc/arm-none-eabi/12.2.1/thumb/v6-m/nofp/crtend.o
LOAD /Applications/ArmGNUToolchain/12.2.rel1/arm-none-eabi/bin/../lib/gcc/arm-none-eabi/12.2.1/thumb/v6-m/nofp/crtn.o
OUTPUT(assign02.elf elf32-littlearm)
LOAD linker stubs

.ARM.attributes
                0x0000000000000000       0x28
 .ARM.attributes
                0x0000000000000000       0x1e /Applications/ArmGNUToolchain/12.2.rel1/arm-none-eabi/bin/../lib/gcc/arm-none-eabi/12.2.1/thumb/v6-m/nofp/crti.o
 .ARM.attributes
                0x000000000000001e       0x2c /Applications/ArmGNUToolchain/12.2.rel1/arm-none-eabi/bin/../lib/gcc/arm-none-eabi/12.2.1/thumb/v6-m/nofp/crtbegin.o
 .ARM.attributes
                0x000000000000004a       0x2c CMakeFiles/assign02.dir/assign02.c.obj
 .ARM.attributes
                0x0000000000000076       0x2c CMakeFiles/assign02.dir/Users/conor/Desktop/pico/pico-sdk/src/rp2_common/hardware_gpio/gpio.c.obj
 .ARM.attributes
                0x00000000000000a2       0x2c CMakeFiles/assign02.dir/Users/conor/Desktop/pico/pico-sdk/src/rp2_common/hardware_claim/claim.c.obj
 .ARM.attributes
                0x00000000000000ce       0x2c CMakeFiles/assign02.dir/Users/conor/Desktop/pico/pico-sdk/src/rp2_common/pico_platform/platform.c.obj
 .ARM.attributes
                0x00000000000000fa       0x2c CMakeFiles/assign02.dir/Users/conor/Desktop/pico/pico-sdk/src/rp2_common/hardware_sync/sync.c.obj
 .ARM.attributes
                0x0000000000000126       0x2c CMakeFiles/assign02.dir/Users/conor/Desktop/pico/pico-sdk/src/rp2_common/hardware_irq/irq.c.obj
 .ARM.attributes
                0x0000000000000152       0x22 CMakeFiles/assign02.dir/Users/conor/Desktop/pico/pico-sdk/src/rp2_common/hardware_irq/irq_handler_chain.S.obj
 .ARM.attributes
                0x0000000000000174       0x2c CMakeFiles/assign02.dir/Users/conor/Desktop/pico/pico-sdk/src/common/pico_sync/lock_core.c.obj
 .ARM.attributes
                0x00000000000001a0       0x2c CMakeFiles/assign02.dir/Users/conor/Desktop/pico/pico-sdk/src/common/pico_time/time.c.obj
 .ARM.attributes
                0x00000000000001cc       0x2c CMakeFiles/assign02.dir/Users/conor/Desktop/pico/pico-sdk/src/rp2_common/hardware_timer/timer.c.obj
 .ARM.attributes
                0x00000000000001f8       0x2c CMakeFiles/assign02.dir/Users/conor/Desktop/pico/pico-sdk/src/common/pico_util/pheap.c.obj
 .ARM.attributes
                0x0000000000000224       0x2c CMakeFiles/assign02.dir/Users/conor/Desktop/pico/pico-sdk/src/common/pico_sync/mutex.c.obj
 .ARM.attributes
                0x0000000000000250       0x2c CMakeFiles/assign02.dir/Users/conor/Desktop/pico/pico-sdk/src/rp2_common/pico_runtime/runtime.c.obj
 .ARM.attributes
                0x000000000000027c       0x2c CMakeFiles/assign02.dir/Users/conor/Desktop/pico/pico-sdk/src/rp2_common/hardware_clocks/clocks.c.obj
 .ARM.attributes
                0x00000000000002a8       0x2c CMakeFiles/assign02.dir/Users/conor/Desktop/pico/pico-sdk/src/rp2_common/hardware_pll/pll.c.obj
 .ARM.attributes
                0x00000000000002d4       0x2c CMakeFiles/assign02.dir/Users/conor/Desktop/pico/pico-sdk/src/rp2_common/hardware_watchdog/watchdog.c.obj
 .ARM.attributes
                0x0000000000000300       0x2c CMakeFiles/assign02.dir/Users/conor/Desktop/pico/pico-sdk/src/rp2_common/hardware_xosc/xosc.c.obj
 .ARM.attributes
                0x000000000000032c       0x2c CMakeFiles/assign02.dir/Users/conor/Desktop/pico/pico-sdk/src/rp2_common/pico_printf/printf.c.obj
 .ARM.attributes
                0x0000000000000358       0x22 CMakeFiles/assign02.dir/Users/conor/Desktop/pico/pico-sdk/src/rp2_common/pico_bit_ops/bit_ops_aeabi.S.obj
 .ARM.attributes
                0x000000000000037a       0x2c CMakeFiles/assign02.dir/Users/conor/Desktop/pico/pico-sdk/src/rp2_common/pico_bootrom/bootrom.c.obj
 .ARM.attributes
                0x00000000000003a6       0x22 CMakeFiles/assign02.dir/Users/conor/Desktop/pico/pico-sdk/src/rp2_common/pico_divider/divider.S.obj
 .ARM.attributes
                0x00000000000003c8       0x22 CMakeFiles/assign02.dir/Users/conor/Desktop/pico/pico-sdk/src/rp2_common/pico_double/double_aeabi.S.obj
 .ARM.attributes
                0x00000000000003ea       0x2c CMakeFiles/assign02.dir/Users/conor/Desktop/pico/pico-sdk/src/rp2_common/pico_double/double_init_rom.c.obj
 .ARM.attributes
                0x0000000000000416       0x22 CMakeFiles/assign02.dir/Users/conor/Desktop/pico/pico-sdk/src/rp2_common/pico_double/double_v1_rom_shim.S.obj
 .ARM.attributes
                0x0000000000000438       0x22 CMakeFiles/assign02.dir/Users/conor/Desktop/pico/pico-sdk/src/rp2_common/pico_int64_ops/pico_int64_ops_aeabi.S.obj
 .ARM.attributes
                0x000000000000045a       0x22 CMakeFiles/assign02.dir/Users/conor/Desktop/pico/pico-sdk/src/rp2_common/pico_float/float_aeabi.S.obj
 .ARM.attributes
                0x000000000000047c       0x2c CMakeFiles/assign02.dir/Users/conor/Desktop/pico/pico-sdk/src/rp2_common/pico_float/float_init_rom.c.obj
 .ARM.attributes
                0x00000000000004a8       0x22 CMakeFiles/assign02.dir/Users/conor/Desktop/pico/pico-sdk/src/rp2_common/pico_float/float_v1_rom_shim.S.obj
 .ARM.attributes
                0x00000000000004ca       0x22 CMakeFiles/assign02.dir/Users/conor/Desktop/pico/pico-sdk/src/rp2_common/pico_mem_ops/mem_ops_aeabi.S.obj
 .ARM.attributes
                0x00000000000004ec       0x22 CMakeFiles/assign02.dir/Users/conor/Desktop/pico/pico-sdk/src/rp2_common/pico_standard_link/crt0.S.obj
 .ARM.attributes
                0x000000000000050e       0x2c CMakeFiles/assign02.dir/Users/conor/Desktop/pico/pico-sdk/src/rp2_common/pico_standard_link/binary_info.c.obj
 .ARM.attributes
                0x000000000000053a       0x2c CMakeFiles/assign02.dir/Users/conor/Desktop/pico/pico-sdk/src/rp2_common/pico_stdio/stdio.c.obj
 .ARM.attributes
                0x0000000000000566       0x22 /var/folders/tb/ccwl9r592hn9v_xpq9s1bzlr0000gn/T//cceVu0TI.o
 .ARM.attributes
                0x0000000000000588       0x1e /Applications/ArmGNUToolchain/12.2.rel1/arm-none-eabi/bin/../lib/gcc/arm-none-eabi/12.2.1/thumb/v6-m/nofp/libgcc.a(_dvmd_tls.o)
 .ARM.attributes
                0x00000000000005a6       0x2c /Applications/ArmGNUToolchain/12.2.rel1/arm-none-eabi/bin/../lib/gcc/arm-none-eabi/12.2.1/../../../../arm-none-eabi/lib/thumb/v6-m/nofp/libc.a(libc_a-strlen-stub.o)
 .ARM.attributes
                0x00000000000005d2       0x2c /Applications/ArmGNUToolchain/12.2.rel1/arm-none-eabi/bin/../lib/gcc/arm-none-eabi/12.2.1/thumb/v6-m/nofp/crtend.o

.comment        0x0000000000000000       0x40
 .comment       0x0000000000000000       0x40 CMakeFiles/assign02.dir/assign02.c.obj
                                         0x41 (size before relaxing)
 .comment       0x0000000000000040       0x41 CMakeFiles/assign02.dir/Users/conor/Desktop/pico/pico-sdk/src/rp2_common/hardware_gpio/gpio.c.obj
 .comment       0x0000000000000040       0x41 CMakeFiles/assign02.dir/Users/conor/Desktop/pico/pico-sdk/src/rp2_common/hardware_claim/claim.c.obj
 .comment       0x0000000000000040       0x41 CMakeFiles/assign02.dir/Users/conor/Desktop/pico/pico-sdk/src/rp2_common/pico_platform/platform.c.obj
 .comment       0x0000000000000040       0x41 CMakeFiles/assign02.dir/Users/conor/Desktop/pico/pico-sdk/src/rp2_common/hardware_sync/sync.c.obj
 .comment       0x0000000000000040       0x41 CMakeFiles/assign02.dir/Users/conor/Desktop/pico/pico-sdk/src/rp2_common/hardware_irq/irq.c.obj
 .comment       0x0000000000000040       0x41 CMakeFiles/assign02.dir/Users/conor/Desktop/pico/pico-sdk/src/common/pico_sync/lock_core.c.obj
 .comment       0x0000000000000040       0x41 CMakeFiles/assign02.dir/Users/conor/Desktop/pico/pico-sdk/src/common/pico_time/time.c.obj
 .comment       0x0000000000000040       0x41 CMakeFiles/assign02.dir/Users/conor/Desktop/pico/pico-sdk/src/rp2_common/hardware_timer/timer.c.obj
 .comment       0x0000000000000040       0x41 CMakeFiles/assign02.dir/Users/conor/Desktop/pico/pico-sdk/src/common/pico_util/pheap.c.obj
 .comment       0x0000000000000040       0x41 CMakeFiles/assign02.dir/Users/conor/Desktop/pico/pico-sdk/src/common/pico_sync/mutex.c.obj
 .comment       0x0000000000000040       0x41 CMakeFiles/assign02.dir/Users/conor/Desktop/pico/pico-sdk/src/rp2_common/pico_runtime/runtime.c.obj
 .comment       0x0000000000000040       0x41 CMakeFiles/assign02.dir/Users/conor/Desktop/pico/pico-sdk/src/rp2_common/hardware_clocks/clocks.c.obj
 .comment       0x0000000000000040       0x41 CMakeFiles/assign02.dir/Users/conor/Desktop/pico/pico-sdk/src/rp2_common/hardware_pll/pll.c.obj
 .comment       0x0000000000000040       0x41 CMakeFiles/assign02.dir/Users/conor/Desktop/pico/pico-sdk/src/rp2_common/hardware_watchdog/watchdog.c.obj
 .comment       0x0000000000000040       0x41 CMakeFiles/assign02.dir/Users/conor/Desktop/pico/pico-sdk/src/rp2_common/hardware_xosc/xosc.c.obj
 .comment       0x0000000000000040       0x41 CMakeFiles/assign02.dir/Users/conor/Desktop/pico/pico-sdk/src/rp2_common/pico_printf/printf.c.obj
 .comment       0x0000000000000040       0x41 CMakeFiles/assign02.dir/Users/conor/Desktop/pico/pico-sdk/src/rp2_common/pico_bootrom/bootrom.c.obj
 .comment       0x0000000000000040       0x41 CMakeFiles/assign02.dir/Users/conor/Desktop/pico/pico-sdk/src/rp2_common/pico_double/double_init_rom.c.obj
 .comment       0x0000000000000040       0x41 CMakeFiles/assign02.dir/Users/conor/Desktop/pico/pico-sdk/src/rp2_common/pico_float/float_init_rom.c.obj
 .comment       0x0000000000000040       0x41 CMakeFiles/assign02.dir/Users/conor/Desktop/pico/pico-sdk/src/rp2_common/pico_standard_link/binary_info.c.obj
 .comment       0x0000000000000040       0x41 CMakeFiles/assign02.dir/Users/conor/Desktop/pico/pico-sdk/src/rp2_common/pico_stdio/stdio.c.obj

.debug_line_str
                0x0000000000000000       0xd2
 .debug_line_str
                0x0000000000000000       0xd2 /Applications/ArmGNUToolchain/12.2.rel1/arm-none-eabi/bin/../lib/gcc/arm-none-eabi/12.2.1/thumb/v6-m/nofp/libgcc.a(_dvmd_tls.o)

.debug_frame    0x0000000000000000       0x28
 .debug_frame   0x0000000000000000       0x28 /Applications/ArmGNUToolchain/12.2.rel1/arm-none-eabi/bin/../lib/gcc/arm-none-eabi/12.2.1/../../../../arm-none-eabi/lib/thumb/v6-m/nofp/libc.a(libc_a-strlen-stub.o)
